Component: Arm Compiler for Embedded 6.19 Tool: armlink [5e73cb00]

==============================================================================

Section Cross References

    startup_stm32h750xx.o(RESET) refers to startup_stm32h750xx.o(STACK) for __initial_sp
    startup_stm32h750xx.o(RESET) refers to startup_stm32h750xx.o(.text) for Reset_Handler
    startup_stm32h750xx.o(RESET) refers to stm32h7xx_it.o(.text.NMI_Handler) for NMI_Handler
    startup_stm32h750xx.o(RESET) refers to stm32h7xx_it.o(.text.HardFault_Handler) for HardFault_Handler
    startup_stm32h750xx.o(RESET) refers to stm32h7xx_it.o(.text.MemManage_Handler) for MemManage_Handler
    startup_stm32h750xx.o(RESET) refers to stm32h7xx_it.o(.text.BusFault_Handler) for BusFault_Handler
    startup_stm32h750xx.o(RESET) refers to stm32h7xx_it.o(.text.UsageFault_Handler) for UsageFault_Handler
    startup_stm32h750xx.o(RESET) refers to port.o(.text.SVC_Handler) for SVC_Handler
    startup_stm32h750xx.o(RESET) refers to stm32h7xx_it.o(.text.DebugMon_Handler) for DebugMon_Handler
    startup_stm32h750xx.o(RESET) refers to port.o(.text.PendSV_Handler) for PendSV_Handler
    startup_stm32h750xx.o(RESET) refers to cmsis_os2.o(.text.SysTick_Handler) for SysTick_Handler
    startup_stm32h750xx.o(RESET) refers to stm32h7xx_it.o(.text.EXTI3_IRQHandler) for EXTI3_IRQHandler
    startup_stm32h750xx.o(RESET) refers to stm32h7xx_it.o(.text.DMA1_Stream0_IRQHandler) for DMA1_Stream0_IRQHandler
    startup_stm32h750xx.o(RESET) refers to stm32h7xx_it.o(.text.DMA1_Stream1_IRQHandler) for DMA1_Stream1_IRQHandler
    startup_stm32h750xx.o(RESET) refers to stm32h7xx_it.o(.text.DMA1_Stream2_IRQHandler) for DMA1_Stream2_IRQHandler
    startup_stm32h750xx.o(RESET) refers to stm32h7xx_it.o(.text.DMA1_Stream3_IRQHandler) for DMA1_Stream3_IRQHandler
    startup_stm32h750xx.o(RESET) refers to stm32h7xx_it.o(.text.DMA1_Stream4_IRQHandler) for DMA1_Stream4_IRQHandler
    startup_stm32h750xx.o(RESET) refers to stm32h7xx_it.o(.text.DMA1_Stream5_IRQHandler) for DMA1_Stream5_IRQHandler
    startup_stm32h750xx.o(RESET) refers to stm32h7xx_it.o(.text.DMA1_Stream6_IRQHandler) for DMA1_Stream6_IRQHandler
    startup_stm32h750xx.o(RESET) refers to stm32h7xx_it.o(.text.USART1_IRQHandler) for USART1_IRQHandler
    startup_stm32h750xx.o(RESET) refers to stm32h7xx_it.o(.text.USART2_IRQHandler) for USART2_IRQHandler
    startup_stm32h750xx.o(RESET) refers to stm32h7xx_it.o(.text.USART3_IRQHandler) for USART3_IRQHandler
    startup_stm32h750xx.o(RESET) refers to stm32h7xx_it.o(.text.DMA1_Stream7_IRQHandler) for DMA1_Stream7_IRQHandler
    startup_stm32h750xx.o(RESET) refers to stm32h7xx_it.o(.text.UART4_IRQHandler) for UART4_IRQHandler
    startup_stm32h750xx.o(RESET) refers to stm32h7xx_it.o(.text.DMA2_Stream0_IRQHandler) for DMA2_Stream0_IRQHandler
    startup_stm32h750xx.o(RESET) refers to stm32h7xx_it.o(.text.USART6_IRQHandler) for USART6_IRQHandler
    startup_stm32h750xx.o(RESET) refers to stm32h7xx_it.o(.text.UART8_IRQHandler) for UART8_IRQHandler
    startup_stm32h750xx.o(RESET) refers to stm32h7xx_it.o(.text.SPI4_IRQHandler) for SPI4_IRQHandler
    startup_stm32h750xx.o(RESET) refers to stm32h7xx_it.o(.text.OTG_FS_IRQHandler) for OTG_FS_IRQHandler
    startup_stm32h750xx.o(RESET) refers to stm32h7xx_it.o(.text.TIM16_IRQHandler) for TIM16_IRQHandler
    startup_stm32h750xx.o(RESET) refers to stm32h7xx_it.o(.text.TIM17_IRQHandler) for TIM17_IRQHandler
    startup_stm32h750xx.o(RESET) refers to stm32h7xx_it.o(.text.LPUART1_IRQHandler) for LPUART1_IRQHandler
    startup_stm32h750xx.o(.text) refers to system_stm32h7xx.o(.text.SystemInit) for SystemInit
    startup_stm32h750xx.o(.text) refers to entry.o(.ARM.Collect$$$$00000000) for __main
    main.o(.text) refers (Special) to scanf_fp.o(.text) for _scanf_real
    main.o(.text.fputc) refers (Special) to scanf_fp.o(.text) for _scanf_real
    main.o(.text.fputc) refers to usart.o(.bss.hlpuart1) for hlpuart1
    main.o(.text.fputc) refers to stm32h7xx_hal_uart.o(.text.HAL_UART_Transmit) for HAL_UART_Transmit
    main.o(.ARM.exidx.text.fputc) refers (Special) to scanf_fp.o(.text) for _scanf_real
    main.o(.ARM.exidx.text.fputc) refers to main.o(.text.fputc) for [Anonymous Symbol]
    main.o(.text.HAL_UARTEx_RxEventCallback) refers (Special) to scanf_fp.o(.text) for _scanf_real
    main.o(.text.HAL_UARTEx_RxEventCallback) refers to deph.o(.bss.depthbuffer) for depthbuffer
    main.o(.text.HAL_UARTEx_RxEventCallback) refers to __0sscanf.o(.text) for __0sscanf
    main.o(.text.HAL_UARTEx_RxEventCallback) refers to freertos.o(.bss.depthHandle) for depthHandle
    main.o(.text.HAL_UARTEx_RxEventCallback) refers to cmsis_os2.o(.text.osMessageQueuePut) for osMessageQueuePut
    main.o(.text.HAL_UARTEx_RxEventCallback) refers to puts.o(i.puts) for puts
    main.o(.text.HAL_UARTEx_RxEventCallback) refers to gps.o(.bss.GPSbuffer) for GPSbuffer
    main.o(.text.HAL_UARTEx_RxEventCallback) refers to usart.o(.bss.hlpuart1) for hlpuart1
[...]
    0x08004cd8   0x08004cd8   0x0000003e   Code   RO          690    .text.HAL_PCD_Start  stm32h7xx_hal_pcd.o
    0x08004d16   0x08004d16   0x00000002   PAD
    0x08004d18   0x08004d18   0x00000034   Code   RO         2726    .text.HAL_PCD_SuspendCallback  usbd_conf.o
    0x08004d4c   0x08004d4c   0x00000004   PAD
    0x08004d50   0x08004d50   0x00000048   Code   RO         1253    .text.HAL_PWREx_ConfigSupply  stm32h7xx_hal_pwr_ex.o
    0x08004d98   0x08004d98   0x00000012   Code   RO         1307    .text.HAL_PWREx_EnableUSBVoltageDetector  stm32h7xx_hal_pwr_ex.o
    0x08004daa   0x08004daa   0x00000006   PAD
    0x08004db0   0x08004db0   0x00000026   Code   RO          940    .text.HAL_RCCEx_GetD3PCLK1Freq  stm32h7xx_hal_rcc_ex.o
    0x08004dd6   0x08004dd6   0x00000002   PAD
    0x08004dd8   0x08004dd8   0x00000128   Code   RO          936    .text.HAL_RCCEx_GetPLL2ClockFreq  stm32h7xx_hal_rcc_ex.o
    0x08004f00   0x08004f00   0x00000128   Code   RO          938    .text.HAL_RCCEx_GetPLL3ClockFreq  stm32h7xx_hal_rcc_ex.o
    0x08005028   0x08005028   0x00000a0c   Code   RO          924    .text.HAL_RCCEx_PeriphCLKConfig  stm32h7xx_hal_rcc_ex.o
    0x08005a34   0x08005a34   0x00000004   PAD
    0x08005a38   0x08005a38   0x00000258   Code   RO          892    .text.HAL_RCC_ClockConfig  stm32h7xx_hal_rcc.o
    0x08005c90   0x08005c90   0x00000058   Code   RO          910    .text.HAL_RCC_GetClockConfig  stm32h7xx_hal_rcc.o
    0x08005ce8   0x08005ce8   0x0000004c   Code   RO          902    .text.HAL_RCC_GetHCLKFreq  stm32h7xx_hal_rcc.o
    0x08005d34   0x08005d34   0x00000004   PAD
    0x08005d38   0x08005d38   0x00000060   Code   RO          904    .text.HAL_RCC_GetPCLK1Freq  stm32h7xx_hal_rcc.o
    0x08005d98   0x08005d98   0x00000060   Code   RO          906    .text.HAL_RCC_GetPCLK2Freq  stm32h7xx_hal_rcc.o
    0x08005df8   0x08005df8   0x0000010c   Code   RO          894    .text.HAL_RCC_GetSysClockFreq  stm32h7xx_hal_rcc.o
    0x08005f04   0x08005f04   0x00000004   PAD
    0x08005f08   0x08005f08   0x00000686   Code   RO          890    .text.HAL_RCC_OscConfig  stm32h7xx_hal_rcc.o
    0x0800658e   0x0800658e   0x00000002   PAD
    0x08006590   0x08006590   0x00000002   Code   RO         1960    .text.HAL_SPI_ErrorCallback  stm32h7xx_hal_spi.o
    0x08006592   0x08006592   0x00000006   PAD
    0x08006598   0x08006598   0x00000220   Code   RO         1956    .text.HAL_SPI_IRQHandler  stm32h7xx_hal_spi.o
    0x080067b8   0x080067b8   0x00000252   Code   RO         1886    .text.HAL_SPI_Init  stm32h7xx_hal_spi.o
    0x08006a0a   0x08006a0a   0x00000006   PAD
    0x08006a10   0x08006a10   0x000000e0   Code   RO          233    .text.HAL_SPI_MspInit  spi.o
    0x08006af0   0x08006af0   0x00000002   Code   RO         1964    .text.HAL_SPI_RxCpltCallback  stm32h7xx_hal_spi.o
    0x08006af2   0x08006af2   0x00000006   PAD
    0x08006af8   0x08006af8   0x00000002   Code   RO         1958    .text.HAL_SPI_SuspendCallback  stm32h7xx_hal_spi.o
    0x08006afa   0x08006afa   0x00000006   PAD
    0x08006b00   0x08006b00   0x0000016a   Code   RO         1920    .text.HAL_SPI_Transmit_DMA  stm32h7xx_hal_spi.o
    0x08006c6a   0x08006c6a   0x00000006   PAD
    0x08006c70   0x08006c70   0x00000002   Code   RO         1966    .text.HAL_SPI_TxCpltCallback  stm32h7xx_hal_spi.o
    0x08006c72   0x08006c72   0x00000006   PAD
    0x08006c78   0x08006c78   0x00000002   Code   RO         1970    .text.HAL_SPI_TxHalfCpltCallback  stm32h7xx_hal_spi.o
    0x08006c7a   0x08006c7a   0x00000006   PAD
    0x08006c80   0x08006c80   0x00000002   Code   RO         1962    .text.HAL_SPI_TxRxCpltCallback  stm32h7xx_hal_spi.o
    0x08006c82   0x08006c82   0x00000006   PAD
    0x08006c88   0x08006c88   0x00000002   Code   RO          668    .text.HAL_TIMEx_Break2Callback  stm32h7xx_hal_tim_ex.o
    0x08006c8a   0x08006c8a   0x00000006   PAD
    0x08006c90   0x08006c90   0x00000002   Code   RO          666    .text.HAL_TIMEx_BreakCallback  stm32h7xx_hal_tim_ex.o
    0x08006c92   0x08006c92   0x00000006   PAD
    0x08006c98   0x08006c98   0x00000002   Code   RO          662    .text.HAL_TIMEx_CommutCallback  stm32h7xx_hal_tim_ex.o
    0x08006c9a   0x08006c9a   0x00000006   PAD
    0x08006ca0   0x08006ca0   0x000000a6   Code   RO          652    .text.HAL_TIMEx_ConfigBreakDeadTime  stm32h7xx_hal_tim_ex.o
    0x08006d46   0x08006d46   0x00000002   PAD
    0x08006d48   0x08006d48   0x000000cc   Code   RO          650    .text.HAL_TIMEx_MasterConfigSynchronization  stm32h7xx_hal_tim_ex.o
    0x08006e14   0x08006e14   0x00000004   PAD
    0x08006e18   0x08006e18   0x00000060   Code   RO          355    .text.HAL_TIM_Base_Init  stm32h7xx_hal_tim.o
    0x08006e78   0x08006e78   0x00000094   Code   RO          255    .text.HAL_TIM_Base_MspInit  tim.o
    0x08006f0c   0x08006f0c   0x00000004   PAD
    0x08006f10   0x08006f10   0x000000b2   Code   RO          369    .text.HAL_TIM_Base_Start_IT  stm32h7xx_hal_tim.o
    0x08006fc2   0x08006fc2   0x00000006   PAD
    0x08006fc8   0x08006fc8   0x000001f0   Code   RO          535    .text.HAL_TIM_ConfigClockSource  stm32h7xx_hal_tim.o
    0x080071b8   0x080071b8   0x00000002   Code   RO          491    .text.HAL_TIM_IC_CaptureCallback  stm32h7xx_hal_tim.o
    0x080071ba   0x080071ba   0x00000006   PAD
    0x080071c0   0x080071c0   0x00000166   Code   RO          489    .text.HAL_TIM_IRQHandler  stm32h7xx_hal_tim.o
    0x08007326   0x08007326   0x00000002   PAD
    0x08007328   0x08007328   0x00000002   Code   RO          493    .text.HAL_TIM_OC_DelayElapsedCallback  stm32h7xx_hal_tim.o
    0x0800732a   0x0800732a   0x00000006   PAD
    0x08007330   0x08007330   0x000004a4   Code   RO          509    .text.HAL_TIM_PWM_ConfigChannel  stm32h7xx_hal_tim.o
    0x080077d4   0x080077d4   0x00000004   PAD
    0x080077d8   0x080077d8   0x00000060   Code   RO          409    .text.HAL_TIM_PWM_Init  stm32h7xx_hal_tim.o
    0x08007838   0x08007838   0x00000002   Code   RO          411    .text.HAL_TIM_PWM_MspInit  stm32h7xx_hal_tim.o
    0x0800783a   0x0800783a   0x00000006   PAD
    0x08007840   0x08007840   0x00000002   Code   RO          495    .text.HAL_TIM_PWM_PulseFinishedCallback  stm32h7xx_hal_tim.o
    0x08007842   0x08007842   0x00000006   PAD
    0x08007848   0x08007848   0x000001b4   Code   RO          417    .text.HAL_TIM_PWM_Start  stm32h7xx_hal_tim.o
    0x080079fc   0x080079fc   0x00000004   PAD
    0x08007a00   0x08007a00   0x00000030   Code   RO           31    .text.HAL_TIM_PeriodElapsedCallback  main.o
    0x08007a30   0x08007a30   0x00000002   Code   RO          499    .text.HAL_TIM_TriggerCallback  stm32h7xx_hal_tim.o
    0x08007a32   0x08007a32   0x00000006   PAD
    0x08007a38   0x08007a38   0x00000036   Code   RO         1863    .text.HAL_UARTEx_DisableFifoMode  stm32h7xx_hal_uart_ex.o
    0x08007a6e   0x08007a6e   0x00000002   PAD
    0x08007a70   0x08007a70   0x00000056   Code   RO         1873    .text.HAL_UARTEx_ReceiveToIdle_DMA  stm32h7xx_hal_uart_ex.o
    0x08007ac6   0x08007ac6   0x00000002   PAD
    0x08007ac8   0x08007ac8   0x00000052   Code   RO         1871    .text.HAL_UARTEx_ReceiveToIdle_IT  stm32h7xx_hal_uart_ex.o
    0x08007b1a   0x08007b1a   0x00000006   PAD
    0x08007b20   0x08007b20   0x00000254   Code   RO           13    .text.HAL_UARTEx_RxEventCallback  main.o
    0x08007d74   0x08007d74   0x00000004   PAD
    0x08007d78   0x08007d78   0x00000002   Code   RO         1849    .text.HAL_UARTEx_RxFifoFullCallback  stm32h7xx_hal_uart_ex.o
    0x08007d7a   0x08007d7a   0x00000006   PAD
    0x08007d80   0x08007d80   0x00000092   Code   RO         1867    .text.HAL_UARTEx_SetRxFifoThreshold  stm32h7xx_hal_uart_ex.o
    0x08007e12   0x08007e12   0x00000006   PAD
    0x08007e18   0x08007e18   0x00000092   Code   RO         1865    .text.HAL_UARTEx_SetTxFifoThreshold  stm32h7xx_hal_uart_ex.o
    0x08007eaa   0x08007eaa   0x00000006   PAD
    0x08007eb0   0x08007eb0   0x00000002   Code   RO         1851    .text.HAL_UARTEx_TxFifoEmptyCallback  stm32h7xx_hal_uart_ex.o
    0x08007eb2   0x08007eb2   0x00000006   PAD
    0x08007eb8   0x08007eb8   0x00000002   Code   RO         1847    .text.HAL_UARTEx_WakeupCallback  stm32h7xx_hal_uart_ex.o
    0x08007eba   0x08007eba   0x00000006   PAD
    0x08007ec0   0x08007ec0   0x00000002   Code   RO         1788    .text.HAL_UART_ErrorCallback  stm32h7xx_hal_uart.o
    0x08007ec2   0x08007ec2   0x00000006   PAD
    0x08007ec8   0x08007ec8   0x00000482   Code   RO         1784    .text.HAL_UART_IRQHandler  stm32h7xx_hal_uart.o
    0x0800834a   0x0800834a   0x00000006   PAD
    0x08008350   0x08008350   0x00000066   Code   RO         1700    .text.HAL_UART_Init  stm32h7xx_hal_uart.o
    0x080083b6   0x080083b6   0x00000002   PAD
    0x080083b8   0x080083b8   0x00000590   Code   RO          203    .text.HAL_UART_MspInit  usart.o
    0x08008948   0x08008948   0x00000002   Code   RO           17    .text.HAL_UART_RxCpltCallback  main.o
    0x0800894a   0x0800894a   0x00000006   PAD
    0x08008950   0x08008950   0x00000002   Code   RO         1798    .text.HAL_UART_RxHalfCpltCallback  stm32h7xx_hal_uart.o
    0x08008952   0x08008952   0x00000006   PAD
    0x08008958   0x08008958   0x000000fa   Code   RO         1720    .text.HAL_UART_Transmit  stm32h7xx_hal_uart.o
    0x08008a52   0x08008a52   0x00000006   PAD
    0x08008a58   0x08008a58   0x00000094   Code   RO         1740    .text.HAL_UART_Transmit_DMA  stm32h7xx_hal_uart.o
    0x08008aec   0x08008aec   0x00000004   PAD
    0x08008af0   0x08008af0   0x000000ae   Code   RO         1726    .text.HAL_UART_Transmit_IT  stm32h7xx_hal_uart.o
    0x08008b9e   0x08008b9e   0x00000002   PAD
    0x08008ba0   0x08008ba0   0x0000001e   Code   RO           19    .text.HAL_UART_TxCpltCallback  main.o
    0x08008bbe   0x08008bbe   0x00000002   PAD
    0x08008bc0   0x08008bc0   0x00000002   Code   RO         1794    .text.HAL_UART_TxHalfCpltCallback  stm32h7xx_hal_uart.o
    0x08008bc2   0x08008bc2   0x00000006   PAD
    0x08008bc8   0x08008bc8   0x00000002   Code   RO          272    .text.HardFault_Handler  stm32h7xx_it.o
    0x08008bca   0x08008bca   0x00000006   PAD
    0x08008bd0   0x08008bd0   0x000000b8   Code   RO         2626    .text.IMUReadTask   imu.o
    0x08008c88   0x08008c88   0x00000012   Code   RO         3341    .text.Identity_matrix_15_15  math_ekf.o
    0x08008c9a   0x08008c9a   0x00000006   PAD
    0x08008ca0   0x08008ca0   0x00000270   Code   RO         3260    .text.Ins_Init      ekf.o
    0x08008f10   0x08008f10   0x000002d2   Code   RO         3264    .text.Ins_Update    ekf.o
    0x080091e2   0x080091e2   0x00000006   PAD
    0x080091e8   0x080091e8   0x000001d8   Code   RO         3262    .text.KF_Init       ekf.o
    0x080093c0   0x080093c0   0x0000000c   Code   RO          322    .text.LPUART1_IRQHandler  stm32h7xx_it.o
    0x080093cc   0x080093cc   0x00000004   PAD
    0x080093d0   0x080093d0   0x000000c6   Code   RO          180    .text.MX_DMA_Init   dma.o
    0x08009496   0x08009496   0x00000002   PAD
    0x08009498   0x08009498   0x0000045a   Code   RO           60    .text.MX_FREERTOS_Init  freertos.o
    0x080098f2   0x080098f2   0x00000006   PAD
    0x080098f8   0x080098f8   0x000000a0   Code   RO           48    .text.MX_GPIO_Init  gpio.o
    0x08009998   0x08009998   0x00000080   Code   RO          189    .text.MX_LPUART1_UART_Init  usart.o
    0x08009a18   0x08009a18   0x00000068   Code   RO          231    .text.MX_SPI4_Init  spi.o
    0x08009a80   0x08009a80   0x00000038   Code   RO          253    .text.MX_TIM17_Init  tim.o
    0x08009ab8   0x08009ab8   0x000001c6   Code   RO          247    .text.MX_TIM1_Init  tim.o
    0x08009c7e   0x08009c7e   0x00000002   PAD
    0x08009c80   0x08009c80   0x0000019a   Code   RO          251    .text.MX_TIM8_Init  tim.o
    0x08009e1a   0x08009e1a   0x00000006   PAD
    0x08009e20   0x08009e20   0x0000008e   Code   RO          191    .text.MX_UART4_Init  usart.o
    0x08009eae   0x08009eae   0x00000002   PAD
    0x08009eb0   0x08009eb0   0x0000008a   Code   RO          193    .text.MX_UART8_Init  usart.o
    0x08009f3a   0x08009f3a   0x00000006   PAD
    0x08009f40   0x08009f40   0x0000008a   Code   RO          195    .text.MX_USART1_UART_Init  usart.o
    0x08009fca   0x08009fca   0x00000006   PAD
    0x08009fd0   0x08009fd0   0x0000008a   Code   RO          197    .text.MX_USART2_UART_Init  usart.o
    0x0800a05a   0x0800a05a   0x00000006   PAD
    0x0800a060   0x0800a060   0x0000008a   Code   RO          199    .text.MX_USART3_UART_Init  usart.o
    0x0800a0ea   0x0800a0ea   0x00000006   PAD
    0x0800a0f0   0x0800a0f0   0x0000008a   Code   RO          201    .text.MX_USART6_UART_Init  usart.o
    0x0800a17a   0x0800a17a   0x00000006   PAD
    0x0800a180   0x0800a180   0x0000006c   Code   RO         2650    .text.MX_USB_DEVICE_Init  usb_device.o
    0x0800a1ec   0x0800a1ec   0x00000004   PAD
    0x0800a1f0   0x0800a1f0   0x00000002   Code   RO          274    .text.MemManage_Handler  stm32h7xx_it.o
    0x0800a1f2   0x0800a1f2   0x00000006   PAD
    0x0800a1f8   0x0800a1f8   0x00000002   Code   RO          270    .text.NMI_Handler   stm32h7xx_it.o
    0x0800a1fa   0x0800a1fa   0x00000006   PAD
    0x0800a200   0x0800a200   0x00000030   Code   RO         3325    .text.Number_multiply_Matrix_15_15  math_ekf.o
    0x0800a230   0x0800a230   0x0000001e   Code   RO         3321    .text.Number_multiply_vector  math_ekf.o
    0x0800a24e   0x0800a24e   0x00000002   PAD
    0x0800a250   0x0800a250   0x00000020   Code   RO          316    .text.OTG_FS_IRQHandler  stm32h7xx_it.o
    0x0800a270   0x0800a270   0x00000064   Code   RO         2607    .text.PendSV_Handler  port.o
    0x0800a2d4   0x0800a2d4   0x00000004   PAD
    0x0800a2d8   0x0800a2d8   0x0000028c   Code   RO         3266    .text.Prediction_Update  ekf.o
    0x0800a564   0x0800a564   0x00000004   PAD
    0x0800a568   0x0800a568   0x000000bc   Code   RO         3303    .text.QuaternionToEulerAngles  math_ekf.o
    0x0800a624   0x0800a624   0x00000004   PAD
    0x0800a628   0x0800a628   0x00000268   Code   RO         3349    .text.Quaternion_Update  math_ekf.o
    0x0800a890   0x0800a890   0x0000011e   Code   RO          926    .text.RCCEx_PLL2_Config  stm32h7xx_hal_rcc_ex.o
    0x0800a9ae   0x0800a9ae   0x00000002   PAD
    0x0800a9b0   0x0800a9b0   0x0000011e   Code   RO          928    .text.RCCEx_PLL3_Config  stm32h7xx_hal_rcc_ex.o
    0x0800aace   0x0800aace   0x00000002   PAD
    0x0800aad0   0x0800aad0   0x0000000c   Code   RO          314    .text.SPI4_IRQHandler  stm32h7xx_it.o
    0x0800aadc   0x0800aadc   0x00000004   PAD
    0x0800aae0   0x0800aae0   0x000000d8   Code   RO         1896    .text.SPI_CloseTransfer  stm32h7xx_hal_spi.o
    0x0800abb8   0x0800abb8   0x00000016   Code   RO         1968    .text.SPI_DMAAbortOnError  stm32h7xx_hal_spi.o
    0x0800abce   0x0800abce   0x00000002   PAD
    0x0800abd0   0x0800abd0   0x00000030   Code   RO         1926    .text.SPI_DMAError  stm32h7xx_hal_spi.o
    0x0800ac00   0x0800ac00   0x00000006   Code   RO         1922    .text.SPI_DMAHalfTransmitCplt  stm32h7xx_hal_spi.o
    0x0800ac06   0x0800ac06   0x00000002   PAD
    0x0800ac08   0x0800ac08   0x00000026   Code   RO         1924    .text.SPI_DMATransmitCplt  stm32h7xx_hal_spi.o
    0x0800ac2e   0x0800ac2e   0x00000002   PAD
    0x0800ac30   0x0800ac30   0x00000024   Code   RO         2591    .text.SVC_Handler   port.o
    0x0800ac54   0x0800ac54   0x00000004   PAD
    0x0800ac58   0x0800ac58   0x00000022   Code   RO           62    .text.StartDefaultTask  freertos.o
    0x0800ac7a   0x0800ac7a   0x00000006   PAD
    0x0800ac80   0x0800ac80   0x00000260   Code   RO         3347    .text.State_Matrix_Updata  math_ekf.o
    0x0800aee0   0x0800aee0   0x00000048   Code   RO         3339    .text.SubMatrices_15_15  math_ekf.o
    0x0800af28   0x0800af28   0x0000002e   Code   RO         3311    .text.Sub_vector    math_ekf.o
    0x0800af56   0x0800af56   0x00000002   PAD
    0x0800af58   0x0800af58   0x0000001e   Code   RO         2396    .text.SysTick_Handler  cmsis_os2.o
    0x0800af76   0x0800af76   0x00000002   PAD
    0x0800af78   0x0800af78   0x000000ca   Code   RO           27    .text.SystemClock_Config  main.o
    0x0800b042   0x0800b042   0x00000006   PAD
    0x0800b048   0x0800b048   0x000000cc   Code   RO         2002    .text.SystemInit    system_stm32h7xx.o
    0x0800b114   0x0800b114   0x00000004   PAD
    0x0800b118   0x0800b118   0x0000000c   Code   RO          318    .text.TIM16_IRQHandler  stm32h7xx_it.o
    0x0800b124   0x0800b124   0x00000004   PAD
    0x0800b128   0x0800b128   0x0000000c   Code   RO          320    .text.TIM17_IRQHandler  stm32h7xx_it.o
    0x0800b134   0x0800b134   0x00000004   PAD
    0x0800b138   0x0800b138   0x00000140   Code   RO          359    .text.TIM_Base_SetConfig  stm32h7xx_hal_tim.o
    0x0800b278   0x0800b278   0x0000000c   Code   RO          306    .text.UART4_IRQHandler  stm32h7xx_it.o
    0x0800b284   0x0800b284   0x00000004   PAD
    0x0800b288   0x0800b288   0x0000000c   Code   RO          312    .text.UART8_IRQHandler  stm32h7xx_it.o
    0x0800b294   0x0800b294   0x00000004   PAD
    0x0800b298   0x0800b298   0x000000e0   Code   RO         1704    .text.UART_AdvFeatureConfig  stm32h7xx_hal_uart.o
    0x0800b378   0x0800b378   0x000000b8   Code   RO         1708    .text.UART_CheckIdleState  stm32h7xx_hal_uart.o
    0x0800b430   0x0800b430   0x0000000c   Code   RO         1786    .text.UART_DMAAbortOnError  stm32h7xx_hal_uart.o
    0x0800b43c   0x0800b43c   0x00000004   PAD
    0x0800b440   0x0800b440   0x000000c8   Code   RO         1746    .text.UART_DMAError  stm32h7xx_hal_uart.o
    0x0800b508   0x0800b508   0x00000082   Code   RO         1830    .text.UART_DMAReceiveCplt  stm32h7xx_hal_uart.o
    0x0800b58a   0x0800b58a   0x00000006   PAD
    0x0800b590   0x0800b590   0x0000001a   Code   RO         1832    .text.UART_DMARxHalfCplt  stm32h7xx_hal_uart.o
    0x0800b5aa   0x0800b5aa   0x00000006   PAD
    0x0800b5b0   0x0800b5b0   0x0000003e   Code   RO         1742    .text.UART_DMATransmitCplt  stm32h7xx_hal_uart.o
    0x0800b5ee   0x0800b5ee   0x00000002   PAD
    0x0800b5f0   0x0800b5f0   0x00000006   Code   RO         1744    .text.UART_DMATxHalfCplt  stm32h7xx_hal_uart.o
    0x0800b5f6   0x0800b5f6   0x00000002   PAD
    0x0800b5f8   0x0800b5f8   0x000000ce   Code   RO         1826    .text.UART_RxISR_16BIT  stm32h7xx_hal_uart.o
    0x0800b6c6   0x0800b6c6   0x00000002   PAD
    0x0800b6c8   0x0800b6c8   0x000001c2   Code   RO         1822    .text.UART_RxISR_16BIT_FIFOEN  stm32h7xx_hal_uart.o
    0x0800b88a   0x0800b88a   0x00000006   PAD
    0x0800b890   0x0800b890   0x000000ce   Code   RO         1828    .text.UART_RxISR_8BIT  stm32h7xx_hal_uart.o
    0x0800b95e   0x0800b95e   0x00000002   PAD
    0x0800b960   0x0800b960   0x000001c6   Code   RO         1824    .text.UART_RxISR_8BIT_FIFOEN  stm32h7xx_hal_uart.o
    0x0800bb26   0x0800bb26   0x00000002   PAD
    0x0800bb28   0x0800bb28   0x000004b8   Code   RO         1706    .text.UART_SetConfig  stm32h7xx_hal_uart.o
    0x0800bfe0   0x0800bfe0   0x000000a4   Code   RO         1750    .text.UART_Start_Receive_DMA  stm32h7xx_hal_uart.o
    0x0800c084   0x0800c084   0x00000004   PAD
    0x0800c088   0x0800c088   0x0000011c   Code   RO         1738    .text.UART_Start_Receive_IT  stm32h7xx_hal_uart.o
    0x0800c1a4   0x0800c1a4   0x00000004   PAD
    0x0800c1a8   0x0800c1a8   0x00000056   Code   RO         1732    .text.UART_TxISR_16BIT  stm32h7xx_hal_uart.o
    0x0800c1fe   0x0800c1fe   0x00000002   PAD
    0x0800c200   0x0800c200   0x00000072   Code   RO         1728    .text.UART_TxISR_16BIT_FIFOEN  stm32h7xx_hal_uart.o
    0x0800c272   0x0800c272   0x00000006   PAD
    0x0800c278   0x0800c278   0x00000052   Code   RO         1734    .text.UART_TxISR_8BIT  stm32h7xx_hal_uart.o
    0x0800c2ca   0x0800c2ca   0x00000006   PAD
    0x0800c2d0   0x0800c2d0   0x0000006e   Code   RO         1730    .text.UART_TxISR_8BIT_FIFOEN  stm32h7xx_hal_uart.o
    0x0800c33e   0x0800c33e   0x00000002   PAD
    0x0800c340   0x0800c340   0x00000146   Code   RO         1722    .text.UART_WaitOnFlagUntilTimeout  stm32h7xx_hal_uart.o
    0x0800c486   0x0800c486   0x00000002   PAD
    0x0800c488   0x0800c488   0x0000000c   Code   RO          298    .text.USART1_IRQHandler  stm32h7xx_it.o
    0x0800c494   0x0800c494   0x00000004   PAD
    0x0800c498   0x0800c498   0x0000000c   Code   RO          300    .text.USART2_IRQHandler  stm32h7xx_it.o
    0x0800c4a4   0x0800c4a4   0x00000004   PAD
    0x0800c4a8   0x0800c4a8   0x0000000c   Code   RO          302    .text.USART3_IRQHandler  stm32h7xx_it.o
    0x0800c4b4   0x0800c4b4   0x00000004   PAD
    0x0800c4b8   0x0800c4b8   0x0000000c   Code   RO          308    .text.USART6_IRQHandler  stm32h7xx_it.o
    0x0800c4c4   0x0800c4c4   0x00000004   PAD
    0x0800c4c8   0x0800c4c8   0x00000072   Code   RO         2891    .text.USBD_CDC_DataIn  usbd_cdc.o
    0x0800c53a   0x0800c53a   0x00000006   PAD
    0x0800c540   0x0800c540   0x0000003c   Code   RO         2893    .text.USBD_CDC_DataOut  usbd_cdc.o
    0x0800c57c   0x0800c57c   0x00000004   PAD
    0x0800c580   0x0800c580   0x0000005a   Code   RO         2885    .text.USBD_CDC_DeInit  usbd_cdc.o
    0x0800c5da   0x0800c5da   0x00000006   PAD
    0x0800c5e0   0x0800c5e0   0x0000003a   Code   RO         2889    .text.USBD_CDC_EP0_RxReady  usbd_cdc.o
    0x0800c61a   0x0800c61a   0x00000006   PAD
    0x0800c620   0x0800c620   0x00000010   Code   RO         2901    .text.USBD_CDC_GetDeviceQualifierDescriptor  usbd_cdc.o
    0x0800c630   0x0800c630   0x00000052   Code   RO         2897    .text.USBD_CDC_GetFSCfgDesc  usbd_cdc.o
    0x0800c682   0x0800c682   0x00000006   PAD
    0x0800c688   0x0800c688   0x00000056   Code   RO         2895    .text.USBD_CDC_GetHSCfgDesc  usbd_cdc.o
    0x0800c6de   0x0800c6de   0x00000002   PAD
    0x0800c6e0   0x0800c6e0   0x00000052   Code   RO         2899    .text.USBD_CDC_GetOtherSpeedCfgDesc  usbd_cdc.o
    0x0800c732   0x0800c732   0x00000006   PAD
    0x0800c738   0x0800c738   0x000000d6   Code   RO         2883    .text.USBD_CDC_Init  usbd_cdc.o
    0x0800c80e   0x0800c80e   0x00000002   PAD
    0x0800c810   0x0800c810   0x00000030   Code   RO         2911    .text.USBD_CDC_ReceivePacket  usbd_cdc.o
    0x0800c840   0x0800c840   0x00000016   Code   RO         2903    .text.USBD_CDC_RegisterInterface  usbd_cdc.o
    0x0800c856   0x0800c856   0x00000002   PAD
    0x0800c858   0x0800c858   0x0000001a   Code   RO         2907    .text.USBD_CDC_SetRxBuffer  usbd_cdc.o
    0x0800c872   0x0800c872   0x00000006   PAD
    0x0800c878   0x0800c878   0x0000001e   Code   RO         2905    .text.USBD_CDC_SetTxBuffer  usbd_cdc.o
    0x0800c896   0x0800c896   0x00000002   PAD
    0x0800c898   0x0800c898   0x0000011e   Code   RO         2887    .text.USBD_CDC_Setup  usbd_cdc.o
    0x0800c9b6   0x0800c9b6   0x00000002   PAD
    0x0800c9b8   0x0800c9b8   0x0000003e   Code   RO         2909    .text.USBD_CDC_TransmitPacket  usbd_cdc.o
    0x0800c9f6   0x0800c9f6   0x00000002   PAD
    0x0800c9f8   0x0800c9f8   0x00000012   Code   RO         2798    .text.USBD_ClrClassConfig  usbd_core.o
    0x0800ca0a   0x0800ca0a   0x00000006   PAD
    0x0800ca10   0x0800ca10   0x00000004   Code   RO         2806    .text.USBD_CoreFindEP  usbd_core.o
    0x0800ca14   0x0800ca14   0x00000004   PAD
    0x0800ca18   0x0800ca18   0x00000004   Code   RO         2804    .text.USBD_CoreFindIF  usbd_core.o
    0x0800ca1c   0x0800ca1c   0x00000004   PAD
    0x0800ca20   0x0800ca20   0x00000010   Code   RO         2867    .text.USBD_CtlContinueRx  usbd_ioreq.o
    0x0800ca30   0x0800ca30   0x00000010   Code   RO         2863    .text.USBD_CtlContinueSendData  usbd_ioreq.o
    0x0800ca40   0x0800ca40   0x00000016   Code   RO         2842    .text.USBD_CtlError  usbd_ctlreq.o
    0x0800ca56   0x0800ca56   0x00000002   PAD
    0x0800ca58   0x0800ca58   0x0000001e   Code   RO         2865    .text.USBD_CtlPrepareRx  usbd_ioreq.o
    0x0800ca76   0x0800ca76   0x00000002   PAD
    0x0800ca78   0x0800ca78   0x00000016   Code   RO         2871    .text.USBD_CtlReceiveStatus  usbd_ioreq.o
    0x0800ca8e   0x0800ca8e   0x00000002   PAD
    0x0800ca90   0x0800ca90   0x0000001a   Code   RO         2861    .text.USBD_CtlSendData  usbd_ioreq.o
    0x0800caaa   0x0800caaa   0x00000006   PAD
    0x0800cab0   0x0800cab0   0x00000016   Code   RO         2869    .text.USBD_CtlSendStatus  usbd_ioreq.o
    0x0800cac6   0x0800cac6   0x00000002   PAD
    0x0800cac8   0x0800cac8   0x00000024   Code   RO         2669    .text.USBD_FS_ConfigStrDescriptor  usbd_desc.o
    0x0800caec   0x0800caec   0x00000004   PAD
    0x0800caf0   0x0800caf0   0x0000000e   Code   RO         2659    .text.USBD_FS_DeviceDescriptor  usbd_desc.o
    0x0800cafe   0x0800cafe   0x00000002   PAD
    0x0800cb00   0x0800cb00   0x00000028   Code   RO         2671    .text.USBD_FS_InterfaceStrDescriptor  usbd_desc.o
    0x0800cb28   0x0800cb28   0x0000000e   Code   RO         2661    .text.USBD_FS_LangIDStrDescriptor  usbd_desc.o
    0x0800cb36   0x0800cb36   0x00000002   PAD
    0x0800cb38   0x0800cb38   0x0000002c   Code   RO         2663    .text.USBD_FS_ManufacturerStrDescriptor  usbd_desc.o
    0x0800cb64   0x0800cb64   0x00000004   PAD
    0x0800cb68   0x0800cb68   0x00000030   Code   RO         2665    .text.USBD_FS_ProductStrDescriptor  usbd_desc.o
    0x0800cb98   0x0800cb98   0x00000080   Code   RO         2667    .text.USBD_FS_SerialStrDescriptor  usbd_desc.o
    0x0800cc18   0x0800cc18   0x0000002c   Code   RO         2828    .text.USBD_GetEpDesc  usbd_core.o
    0x0800cc44   0x0800cc44   0x00000004   PAD
    0x0800cc48   0x0800cc48   0x00000080   Code   RO         2850    .text.USBD_GetString  usbd_ctlreq.o
    0x0800ccc8   0x0800ccc8   0x00000028   Code   RO         2784    .text.USBD_Init     usbd_core.o
    0x0800ccf0   0x0800ccf0   0x00000022   Code   RO         2756    .text.USBD_LL_ClearStallEP  usbd_conf.o
    0x0800cd12   0x0800cd12   0x00000006   PAD
    0x0800cd18   0x0800cd18   0x00000022   Code   RO         2750    .text.USBD_LL_CloseEP  usbd_conf.o
    0x0800cd3a   0x0800cd3a   0x00000006   PAD
    0x0800cd40   0x0800cd40   0x000000b0   Code   RO         2808    .text.USBD_LL_DataInStage  usbd_core.o
    0x0800cdf0   0x0800cdf0   0x00000078   Code   RO         2802    .text.USBD_LL_DataOutStage  usbd_core.o
    0x0800ce68   0x0800ce68   0x00000004   Code   RO         2824    .text.USBD_LL_DevConnected  usbd_core.o
    0x0800ce6c   0x0800ce6c   0x00000004   PAD
    0x0800ce70   0x0800ce70   0x00000020   Code   RO         2826    .text.USBD_LL_DevDisconnected  usbd_core.o
    0x0800ce90   0x0800ce90   0x00000008   Code   RO         2766    .text.USBD_LL_GetRxDataSize  usbd_conf.o
    0x0800ce98   0x0800ce98   0x0000006c   Code   RO         2738    .text.USBD_LL_Init  usbd_conf.o
    0x0800cf04   0x0800cf04   0x00000004   PAD
    0x0800cf08   0x0800cf08   0x00000022   Code   RO         2758    .text.USBD_LL_IsStallEP  usbd_conf.o
    0x0800cf2a   0x0800cf2a   0x00000006   PAD
    0x0800cf30   0x0800cf30   0x00000026   Code   RO         2820    .text.USBD_LL_IsoINIncomplete  usbd_core.o
    0x0800cf56   0x0800cf56   0x00000002   PAD
    0x0800cf58   0x0800cf58   0x00000026   Code   RO         2822    .text.USBD_LL_IsoOUTIncomplete  usbd_core.o
    0x0800cf7e   0x0800cf7e   0x00000002   PAD
    0x0800cf80   0x0800cf80   0x00000028   Code   RO         2748    .text.USBD_LL_OpenEP  usbd_conf.o
    0x0800cfa8   0x0800cfa8   0x00000022   Code   RO         2764    .text.USBD_LL_PrepareReceive  usbd_conf.o
    0x0800cfca   0x0800cfca   0x00000006   PAD
    0x0800cfd0   0x0800cfd0   0x00000064   Code   RO         2810    .text.USBD_LL_Reset  usbd_core.o
    0x0800d034   0x0800d034   0x00000004   PAD
    0x0800d038   0x0800d038   0x00000014   Code   RO         2816    .text.USBD_LL_Resume  usbd_core.o
    0x0800d04c   0x0800d04c   0x00000004   PAD
    0x0800d050   0x0800d050   0x0000001a   Code   RO         2818    .text.USBD_LL_SOF   usbd_core.o
    0x0800d06a   0x0800d06a   0x00000006   PAD
    0x0800d070   0x0800d070   0x00000008   Code   RO         2812    .text.USBD_LL_SetSpeed  usbd_core.o
    0x0800d078   0x0800d078   0x00000022   Code   RO         2760    .text.USBD_LL_SetUSBAddress  usbd_conf.o
    0x0800d09a   0x0800d09a   0x00000006   PAD
    0x0800d0a0   0x0800d0a0   0x00000060   Code   RO         2800    .text.USBD_LL_SetupStage  usbd_core.o
    0x0800d100   0x0800d100   0x00000022   Code   RO         2754    .text.USBD_LL_StallEP  usbd_conf.o
    0x0800d122   0x0800d122   0x00000006   PAD
    0x0800d128   0x0800d128   0x00000022   Code   RO         2744    .text.USBD_LL_Start  usbd_conf.o
    0x0800d14a   0x0800d14a   0x00000006   PAD
    0x0800d150   0x0800d150   0x0000001c   Code   RO         2814    .text.USBD_LL_Suspend  usbd_core.o
    0x0800d16c   0x0800d16c   0x00000004   PAD
    0x0800d170   0x0800d170   0x00000022   Code   RO         2762    .text.USBD_LL_Transmit  usbd_conf.o
    0x0800d192   0x0800d192   0x00000006   PAD
    0x0800d198   0x0800d198   0x00000016   Code   RO         2848    .text.USBD_ParseSetupRequest  usbd_ctlreq.o
    0x0800d1ae   0x0800d1ae   0x00000002   PAD
    0x0800d1b0   0x0800d1b0   0x00000044   Code   RO         2788    .text.USBD_RegisterClass  usbd_core.o
    0x0800d1f4   0x0800d1f4   0x00000004   PAD
    0x0800d1f8   0x0800d1f8   0x0000000e   Code   RO         2796    .text.USBD_SetClassConfig  usbd_core.o
    0x0800d206   0x0800d206   0x00000002   PAD
    0x0800d208   0x0800d208   0x00000004   Code   RO         2790    .text.USBD_Start    usbd_core.o
    0x0800d20c   0x0800d20c   0x00000004   PAD
    0x0800d210   0x0800d210   0x00000438   Code   RO         2840    .text.USBD_StdDevReq  usbd_ctlreq.o
    0x0800d648   0x0800d648   0x00000178   Code   RO         2846    .text.USBD_StdEPReq  usbd_ctlreq.o
    0x0800d7c0   0x0800d7c0   0x00000090   Code   RO         2844    .text.USBD_StdItfReq  usbd_ctlreq.o
    0x0800d850   0x0800d850   0x00000002   Code   RO         2770    .text.USBD_static_free  usbd_conf.o
    0x0800d852   0x0800d852   0x00000006   PAD
    0x0800d858   0x0800d858   0x0000000a   Code   RO         2768    .text.USBD_static_malloc  usbd_conf.o
    0x0800d862   0x0800d862   0x00000006   PAD
    0x0800d868   0x0800d868   0x00000088   Code   RO          806    .text.USB_ActivateEndpoint  stm32h7xx_ll_usb.o
    0x0800d8f0   0x0800d8f0   0x00000020   Code   RO          848    .text.USB_ActivateSetup  stm32h7xx_ll_usb.o
    0x0800d910   0x0800d910   0x00000114   Code   RO          784    .text.USB_CoreInit  stm32h7xx_ll_usb.o
    0x0800da24   0x0800da24   0x00000004   PAD
    0x0800da28   0x0800da28   0x00000084   Code   RO          810    .text.USB_DeactivateEndpoint  stm32h7xx_ll_usb.o
    0x0800daac   0x0800daac   0x00000004   PAD
    0x0800dab0   0x0800dab0   0x0000001e   Code   RO          830    .text.USB_DevConnect  stm32h7xx_ll_usb.o
    0x0800dace   0x0800dace   0x00000002   PAD
    0x0800dad0   0x0800dad0   0x0000001e   Code   RO          832    .text.USB_DevDisconnect  stm32h7xx_ll_usb.o
    0x0800daee   0x0800daee   0x00000002   PAD
    0x0800daf0   0x0800daf0   0x000001e8   Code   RO          796    .text.USB_DevInit   stm32h7xx_ll_usb.o
    0x0800dcd8   0x0800dcd8   0x0000000e   Code   RO          790    .text.USB_DisableGlobalInt  stm32h7xx_ll_usb.o
    0x0800dce6   0x0800dce6   0x00000002   PAD
    0x0800dce8   0x0800dce8   0x0000005a   Code   RO          850    .text.USB_EP0_OutStart  stm32h7xx_ll_usb.o
    0x0800dd42   0x0800dd42   0x00000006   PAD
    0x0800dd48   0x0800dd48   0x00000050   Code   RO          824    .text.USB_EPClearStall  stm32h7xx_ll_usb.o
    0x0800dd98   0x0800dd98   0x0000003e   Code   RO          822    .text.USB_EPSetStall  stm32h7xx_ll_usb.o
    0x0800ddd6   0x0800ddd6   0x00000002   PAD
    0x0800ddd8   0x0800ddd8   0x000001f4   Code   RO          814    .text.USB_EPStartXfer  stm32h7xx_ll_usb.o
    0x0800dfcc   0x0800dfcc   0x00000004   PAD
    0x0800dfd0   0x0800dfd0   0x00000086   Code   RO          818    .text.USB_EPStopXfer  stm32h7xx_ll_usb.o
    0x0800e056   0x0800e056   0x00000002   PAD
    0x0800e058   0x0800e058   0x0000000e   Code   RO          788    .text.USB_EnableGlobalInt  stm32h7xx_ll_usb.o
    0x0800e066   0x0800e066   0x00000002   PAD
    0x0800e068   0x0800e068   0x00000048   Code   RO          800    .text.USB_FlushTxFifo  stm32h7xx_ll_usb.o
    0x0800e0b0   0x0800e0b0   0x0000001a   Code   RO          804    .text.USB_GetDevSpeed  stm32h7xx_ll_usb.o
    0x0800e0ca   0x0800e0ca   0x00000006   PAD
    0x0800e0d0   0x0800e0d0   0x00000008   Code   RO          794    .text.USB_GetMode   stm32h7xx_ll_usb.o
    0x0800e0d8   0x0800e0d8   0x0000000e   Code   RO          840    .text.USB_ReadDevAllInEpInterrupt  stm32h7xx_ll_usb.o
    0x0800e0e6   0x0800e0e6   0x00000002   PAD
    0x0800e0e8   0x0800e0e8   0x0000000e   Code   RO          838    .text.USB_ReadDevAllOutEpInterrupt  stm32h7xx_ll_usb.o
    0x0800e0f6   0x0800e0f6   0x00000002   PAD
    0x0800e0f8   0x0800e0f8   0x00000024   Code   RO          844    .text.USB_ReadDevInEPInterrupt  stm32h7xx_ll_usb.o
    0x0800e11c   0x0800e11c   0x00000004   PAD
    0x0800e120   0x0800e120   0x00000010   Code   RO          842    .text.USB_ReadDevOutEPInterrupt  stm32h7xx_ll_usb.o
    0x0800e130   0x0800e130   0x00000008   Code   RO          834    .text.USB_ReadInterrupts  stm32h7xx_ll_usb.o
    0x0800e138   0x0800e138   0x0000004e   Code   RO          820    .text.USB_ReadPacket  stm32h7xx_ll_usb.o
    0x0800e186   0x0800e186   0x00000002   PAD
    0x0800e188   0x0800e188   0x00000064   Code   RO          792    .text.USB_SetCurrentMode  stm32h7xx_ll_usb.o
    0x0800e1ec   0x0800e1ec   0x00000004   PAD
    0x0800e1f0   0x0800e1f0   0x00000022   Code   RO          828    .text.USB_SetDevAddress  stm32h7xx_ll_usb.o
    0x0800e212   0x0800e212   0x00000006   PAD
    0x0800e218   0x0800e218   0x00000116   Code   RO          786    .text.USB_SetTurnaroundTime  stm32h7xx_ll_usb.o
    0x0800e32e   0x0800e32e   0x00000002   PAD
    0x0800e330   0x0800e330   0x0000003a   Code   RO          816    .text.USB_WritePacket  stm32h7xx_ll_usb.o
    0x0800e36a   0x0800e36a   0x00000006   PAD
    0x0800e370   0x0800e370   0x00000168   Code   RO         3022    .text.Uart2link_RxTask  uart2link.o
    0x0800e4d8   0x0800e4d8   0x000000a2   Code   RO         3020    .text.Uart2linktxTask  uart2link.o
    0x0800e57a   0x0800e57a   0x00000006   PAD
    0x0800e580   0x0800e580   0x00000002   Code   RO          278    .text.UsageFault_Handler  stm32h7xx_it.o
    0x0800e582   0x0800e582   0x00000006   PAD
    0x0800e588   0x0800e588   0x00000066   Code   RO         3319    .text._Askew        math_ekf.o
    0x0800e5ee   0x0800e5ee   0x00000002   PAD
    0x0800e5f0   0x0800e5f0   0x0000020c   Code   RO         3127    .text.__brightnessAdjust  ws2812.o
    0x0800e7fc   0x0800e7fc   0x00000004   PAD
    0x0800e800   0x0800e800   0x00000048   Code   RO         3337    .text.addMatrices_15_15  math_ekf.o
    0x0800e848   0x0800e848   0x00000048   Code   RO         3335    .text.addMatrices_3_3  math_ekf.o
    0x0800e890   0x0800e890   0x00000048   Code   RO         2924    .text.assertFail    debug.o
    0x0800e8d8   0x0800e8d8   0x0000019c   Code   RO         2962    .text.atkpReceiveAnl  atpk.o
    0x0800ea74   0x0800ea74   0x00000004   PAD
    0x0800ea78   0x0800ea78   0x00000078   Code   RO         2966    .text.atkpReceivePacketBlocking  atpk.o
    0x0800eaf0   0x0800eaf0   0x00000022   Code   RO         2964    .text.atpkRxTask    atpk.o
    0x0800eb12   0x0800eb12   0x00000006   PAD
    0x0800eb18   0x0800eb18   0x00000334   Code   RO         2960    .text.atpkTxTask    atpk.o
    0x0800ee4c   0x0800ee4c   0x00000004   PAD
    0x0800ee50   0x0800ee50   0x0000000e   Code   RO           21    .text.configureTimerForRunTimeStats  main.o
    0x0800ee5e   0x0800ee5e   0x00000002   PAD
    0x0800ee60   0x0800ee60   0x00000032   Code   RO         3317    .text.cross_product  math_ekf.o
    0x0800ee92   0x0800ee92   0x00000006   PAD
    0x0800ee98   0x0800ee98   0x00000020   Code   RO           11    .text.fputc         main.o
    0x0800eeb8   0x0800eeb8   0x00000016   Code   RO         2630    .text.getAccRawData  imu.o
    0x0800eece   0x0800eece   0x00000002   PAD
    0x0800eed0   0x0800eed0   0x00000028   Code   RO         3211    .text.getDVLposData  dvl.o
    0x0800eef8   0x0800eef8   0x00000028   Code   RO         3207    .text.getDVLvelocityData  dvl.o
    0x0800ef20   0x0800ef20   0x00000016   Code   RO         2628    .text.getEurlRawData  imu.o
    0x0800ef36   0x0800ef36   0x00000002   PAD
    0x0800ef38   0x0800ef38   0x00000016   Code   RO         2634    .text.getGyroRawData  imu.o
    0x0800ef4e   0x0800ef4e   0x00000002   PAD
    0x0800ef50   0x0800ef50   0x0000000c   Code   RO           15    .text.getRunTimeCounterValue  main.o
    0x0800ef5c   0x0800ef5c   0x00000004   PAD
    0x0800ef60   0x0800ef60   0x00000018   Code   RO         3064    .text.getconRawData  stabilizer.o
    0x0800ef78   0x0800ef78   0x00000034   Code   RO           82    .text.ledTask11     freertos.o
    0x0800efac   0x0800efac   0x00000004   PAD
    0x0800efb0   0x0800efb0   0x0000009e   Code   RO           25    .text.main          main.o
    0x0800f04e   0x0800f04e   0x00000002   PAD
    0x0800f050   0x0800f050   0x00000022   Code   RO         3081    .text.map           moter.o
    0x0800f072   0x0800f072   0x00000006   PAD
    0x0800f078   0x0800f078   0x00000178   Code   RO         3353    .text.matrixInverse_3_3  math_ekf.o
    0x0800f1f0   0x0800f1f0   0x00000050   Code   RO         3305    .text.matrix_vector_multiply  math_ekf.o
    0x0800f240   0x0800f240   0x00000050   Code   RO         3307    .text.matrix_vector_multiply_15_15  math_ekf.o
    0x0800f290   0x0800f290   0x00000050   Code   RO         3381    .text.matrix_vector_multiply_15_3  math_ekf.o
    0x0800f2e0   0x0800f2e0   0x00000050   Code   RO         3375    .text.matrix_vector_multiply_3_15  math_ekf.o
    0x0800f330   0x0800f330   0x00000062   Code   RO         3331    .text.multiply_15_15  math_ekf.o
    0x0800f392   0x0800f392   0x00000006   PAD
    0x0800f398   0x0800f398   0x0000006c   Code   RO         3333    .text.multiply_15_15_  math_ekf.o
    0x0800f404   0x0800f404   0x00000004   PAD
    0x0800f408   0x0800f408   0x0000006c   Code   RO         3361    .text.multiply_15_15_15_3  math_ekf.o
    0x0800f474   0x0800f474   0x00000004   PAD
    0x0800f478   0x0800f478   0x0000006c   Code   RO         3387    .text.multiply_15_3_3_15  math_ekf.o
    0x0800f4e4   0x0800f4e4   0x00000004   PAD
    0x0800f4e8   0x0800f4e8   0x0000006c   Code   RO         3371    .text.multiply_15_3_3_3  math_ekf.o
    0x0800f554   0x0800f554   0x00000004   PAD
    0x0800f558   0x0800f558   0x0000006c   Code   RO         3365    .text.multiply_3_15_15_3  math_ekf.o
    0x0800f5c4   0x0800f5c4   0x00000004   PAD
    0x0800f5c8   0x0800f5c8   0x0000006c   Code   RO         3329    .text.multiply_3_3  math_ekf.o
    0x0800f634   0x0800f634   0x00000004   PAD
    0x0800f638   0x0800f638   0x0000001e   Code   RO         2456    .text.osDelay       cmsis_os2.o
    0x0800f656   0x0800f656   0x00000002   PAD
    0x0800f658   0x0800f658   0x0000002a   Code   RO         2398    .text.osKernelInitialize  cmsis_os2.o
    0x0800f682   0x0800f682   0x00000006   PAD
    0x0800f688   0x0800f688   0x0000003c   Code   RO         2404    .text.osKernelStart  cmsis_os2.o
    0x0800f6c4   0x0800f6c4   0x00000004   PAD
    0x0800f6c8   0x0800f6c8   0x00000088   Code   RO         2510    .text.osMessageQueueGet  cmsis_os2.o
    0x0800f750   0x0800f750   0x0000009e   Code   RO         2506    .text.osMessageQueueNew  cmsis_os2.o
    0x0800f7ee   0x0800f7ee   0x00000002   PAD
    0x0800f7f0   0x0800f7f0   0x0000008e   Code   RO         2508    .text.osMessageQueuePut  cmsis_os2.o
    0x0800f87e   0x0800f87e   0x00000002   PAD
    0x0800f880   0x0800f880   0x0000006a   Code   RO         2498    .text.osSemaphoreAcquire  cmsis_os2.o
    0x0800f8ea   0x0800f8ea   0x00000006   PAD
    0x0800f8f0   0x0800f8f0   0x000000c2   Code   RO         2496    .text.osSemaphoreNew  cmsis_os2.o
    0x0800f9b2   0x0800f9b2   0x00000006   PAD
    0x0800f9b8   0x0800f9b8   0x00000060   Code   RO         2500    .text.osSemaphoreRelease  cmsis_os2.o
    0x0800fa18   0x0800fa18   0x000000ba   Code   RO         2420    .text.osThreadNew   cmsis_os2.o
    0x0800fad2   0x0800fad2   0x00000006   PAD
    0x0800fad8   0x0800fad8   0x000000e8   Code   RO         2624    .text.parse_mti630_data  imu.o
    0x0800fbc0   0x0800fbc0   0x00000026   Code   RO         3163    .text.pidInit       pid.o
    0x0800fbe6   0x0800fbe6   0x00000002   PAD
    0x0800fbe8   0x0800fbe8   0x0000005e   Code   RO         3203    .text.process_dma_buffer  dvl.o
    0x0800fc46   0x0800fc46   0x00000002   PAD
    0x0800fc48   0x0800fc48   0x00000244   Code   RO         3201    .text.process_line  dvl.o
    0x0800fe8c   0x0800fe8c   0x00000004   PAD
    0x0800fe90   0x0800fe90   0x00000084   Code   RO         2209    .text.prvAddCurrentTaskToDelayedList  tasks.o
    0x0800ff14   0x0800ff14   0x00000004   PAD
    0x0800ff18   0x0800ff18   0x0000011c   Code   RO         2199    .text.prvAddNewTaskToReadyList  tasks.o
    0x08010034   0x08010034   0x00000004   PAD
    0x08010038   0x08010038   0x0000007c   Code   RO         2341    .text.prvCheckForValidListAndQueue  timers.o
    0x080100b4   0x080100b4   0x00000004   PAD
    0x080100b8   0x080100b8   0x00000096   Code   RO         2233    .text.prvIdleTask   tasks.o
    0x0801014e   0x0801014e   0x00000002   PAD
    0x08010150   0x08010150   0x00000028   Code   RO         2599    .text.prvPortStartFirstTask  port.o
    0x08010178   0x08010178   0x000000ea   Code   RO         2377    .text.prvSampleTimeNow  timers.o
    0x08010262   0x08010262   0x00000006   PAD
    0x08010268   0x08010268   0x00000032   Code   RO         2589    .text.prvTaskExitError  port.o
    0x0801029a   0x0801029a   0x00000006   PAD
    0x080102a0   0x080102a0   0x000002b6   Code   RO         2343    .text.prvTimerTask  timers.o
    0x08010556   0x08010556   0x00000002   PAD
    0x08010558   0x08010558   0x0000007a   Code   RO         2098    .text.prvUnlockQueue  queue.o
    0x080105d2   0x080105d2   0x00000006   PAD
    0x080105d8   0x080105d8   0x000001c6   Code   RO         2559    .text.pvPortMalloc  heap_4.o
    0x0801079e   0x0801079e   0x00000002   PAD
    0x080107a0   0x080107a0   0x00000018   Code   RO         2293    .text.pvTaskIncrementMutexHeldCount  tasks.o
    0x080107b8   0x080107b8   0x0000002c   Code   RO         2587    .text.pxPortInitialiseStack  port.o
    0x080107e4   0x080107e4   0x00000004   PAD
    0x080107e8   0x080107e8   0x000000a0   Code   RO         3089    .text.rudder_control  moter.o
    0x08010888   0x08010888   0x000000d0   Code   RO         2942    .text.sendacc_gyro  atpk.o
    0x08010958   0x08010958   0x000000d8   Code   RO         3056    .text.stabilizerTask  stabilizer.o
    0x08010a30   0x08010a30   0x00000418   Code   RO         3239    .text.state_read    gps.o
    0x08010e48   0x08010e48   0x00000048   Code   RO         3085    .text.thrust_control  moter.o
    0x08010e90   0x08010e90   0x00000068   Code   RO         3313    .text.transpose     math_ekf.o
    0x08010ef8   0x08010ef8   0x00000044   Code   RO         3315    .text.transpose_15_15  math_ekf.o
    0x08010f3c   0x08010f3c   0x00000004   PAD
    0x08010f40   0x08010f40   0x00000030   Code   RO         3357    .text.transpose_Matrix_3_15  math_ekf.o
    0x08010f70   0x08010f70   0x0000002c   Code   RO         2699    .text.usbGetDataWithTimout  usbd_cdc_if.o
    0x08010f9c   0x08010f9c   0x00000004   PAD
    0x08010fa0   0x08010fa0   0x0000001e   Code   RO         2997    .text.usblinkSendPacket  usblink.o
    0x08010fbe   0x08010fbe   0x00000002   PAD
    0x08010fc0   0x08010fc0   0x0000012c   Code   RO         3001    .text.usblink_RxTask  usblink.o
    0x080110ec   0x080110ec   0x00000004   PAD
    0x080110f0   0x080110f0   0x0000010e   Code   RO         2999    .text.usblinktxTask  usblink.o
    0x080111fe   0x080111fe   0x00000002   PAD
    0x08011200   0x08011200   0x0000002a   Code   RO         2062    .text.uxListRemove  list.o
    0x0801122a   0x0801122a   0x00000006   PAD
    0x08011230   0x08011230   0x0000001a   Code   RO         2542    .text.vApplicationGetIdleTaskMemory  cmsis_os2.o
    0x0801124a   0x0801124a   0x00000006   PAD
    0x08011250   0x08011250   0x0000001c   Code   RO         2544    .text.vApplicationGetTimerTaskMemory  cmsis_os2.o
    0x0801126c   0x0801126c   0x00000004   PAD
    0x08011270   0x08011270   0x00000016   Code   RO         2054    .text.vListInitialise  list.o
    0x08011286   0x08011286   0x00000002   PAD
    0x08011288   0x08011288   0x00000006   Code   RO         2056    .text.vListInitialiseItem  list.o
    0x0801128e   0x0801128e   0x00000002   PAD
    0x08011290   0x08011290   0x0000003a   Code   RO         2060    .text.vListInsert   list.o
    0x080112ca   0x080112ca   0x00000006   PAD
    0x080112d0   0x080112d0   0x0000001c   Code   RO         2058    .text.vListInsertEnd  list.o
    0x080112ec   0x080112ec   0x00000004   PAD
    0x080112f0   0x080112f0   0x00000014   Code   RO         2597    .text.vPortEnableVFP  port.o
    0x08011304   0x08011304   0x00000004   PAD
    0x08011308   0x08011308   0x0000004a   Code   RO         2603    .text.vPortEnterCritical  port.o
    0x08011352   0x08011352   0x00000006   PAD
    0x08011358   0x08011358   0x0000002e   Code   RO         2605    .text.vPortExitCritical  port.o
    0x08011386   0x08011386   0x00000002   PAD
    0x08011388   0x08011388   0x000000d2   Code   RO         2561    .text.vPortFree     heap_4.o
    0x0801145a   0x0801145a   0x00000006   PAD
    0x08011460   0x08011460   0x00000034   Code   RO         2595    .text.vPortSetupTimerInterrupt  port.o
    0x08011494   0x08011494   0x00000004   PAD
    0x08011498   0x08011498   0x00000062   Code   RO         2611    .text.vPortValidateInterruptPriority  port.o
    0x080114fa   0x080114fa   0x00000006   PAD
    0x08011500   0x08011500   0x00000026   Code   RO         2132    .text.vQueueAddToRegistry  queue.o
    0x08011526   0x08011526   0x00000002   PAD
    0x08011528   0x08011528   0x00000048   Code   RO         2118    .text.vQueueDelete  queue.o
    0x08011570   0x08011570   0x00000046   Code   RO         2136    .text.vQueueWaitForMessageRestricted  queue.o
    0x080115b6   0x080115b6   0x00000002   PAD
    0x080115b8   0x080115b8   0x000000a6   Code   RO         2213    .text.vTaskDelay    tasks.o
    0x0801165e   0x0801165e   0x00000002   PAD
    0x08011660   0x08011660   0x000000ee   Code   RO         2205    .text.vTaskDelayUntil  tasks.o
    0x0801174e   0x0801174e   0x00000002   PAD
    0x08011750   0x08011750   0x0000001a   Code   RO         2263    .text.vTaskInternalSetTimeOutState  tasks.o
    0x0801176a   0x0801176a   0x00000006   PAD
    0x08011770   0x08011770   0x0000000e   Code   RO         2267    .text.vTaskMissedYield  tasks.o
    0x0801177e   0x0801177e   0x00000002   PAD
    0x08011780   0x08011780   0x00000036   Code   RO         2251    .text.vTaskPlaceOnEventList  tasks.o
    0x080117b6   0x080117b6   0x00000002   PAD
    0x080117b8   0x080117b8   0x0000003e   Code   RO         2255    .text.vTaskPlaceOnEventListRestricted  tasks.o
    0x080117f6   0x080117f6   0x00000002   PAD
    0x080117f8   0x080117f8   0x000000a6   Code   RO         2285    .text.vTaskPriorityDisinheritAfterTimeout  tasks.o
    0x0801189e   0x0801189e   0x00000002   PAD
    0x080118a0   0x080118a0   0x000000a8   Code   RO         2231    .text.vTaskStartScheduler  tasks.o
    0x08011948   0x08011948   0x00000010   Code   RO         2207    .text.vTaskSuspendAll  tasks.o
    0x08011958   0x08011958   0x000000be   Code   RO         2225    .text.vTaskSwitchContext  tasks.o
    0x08011a16   0x08011a16   0x00000002   PAD
    0x08011a18   0x08011a18   0x0000004a   Code   RO         3105    .text.ws2812_AllShutOff  ws2812.o
    0x08011a62   0x08011a62   0x00000006   PAD
    0x08011a68   0x08011a68   0x00000200   Code   RO         3147    .text.ws2812_SmoothMeteor  ws2812.o
    0x08011c68   0x08011c68   0x00000132   Code   RO         2593    .text.xPortStartScheduler  port.o
    0x08011d9a   0x08011d9a   0x00000006   PAD
    0x08011da0   0x08011da0   0x0000002e   Code   RO         2609    .text.xPortSysTickHandler  port.o
    0x08011dce   0x08011dce   0x00000002   PAD
    0x08011dd0   0x08011dd0   0x00000042   Code   RO         2096    .text.xQueueCreateCountingSemaphore  queue.o
    0x08011e12   0x08011e12   0x00000006   PAD
    0x08011e18   0x08011e18   0x0000004e   Code   RO         2094    .text.xQueueCreateCountingSemaphoreStatic  queue.o
    0x08011e66   0x08011e66   0x00000002   PAD
    0x08011e68   0x08011e68   0x00000086   Code   RO         2076    .text.xQueueGenericCreate  queue.o
    0x08011eee   0x08011eee   0x00000002   PAD
    0x08011ef0   0x08011ef0   0x000000da   Code   RO         2074    .text.xQueueGenericCreateStatic  queue.o
    0x08011fca   0x08011fca   0x00000006   PAD
    0x08011fd0   0x08011fd0   0x00000212   Code   RO         2088    .text.xQueueGenericSend  queue.o
    0x080121e2   0x080121e2   0x00000006   PAD
    0x080121e8   0x080121e8   0x0000014c   Code   RO         2100    .text.xQueueGenericSendFromISR  queue.o
    0x08012334   0x08012334   0x00000004   PAD
    0x08012338   0x08012338   0x000000be   Code   RO         2102    .text.xQueueGiveFromISR  queue.o
    0x080123f6   0x080123f6   0x00000002   PAD
    0x080123f8   0x080123f8   0x000001a8   Code   RO         2104    .text.xQueueReceive  queue.o
    0x080125a0   0x080125a0   0x000000c2   Code   RO         2108    .text.xQueueReceiveFromISR  queue.o
    0x08012662   0x08012662   0x00000006   PAD
    0x08012668   0x08012668   0x000001e2   Code   RO         2092    .text.xQueueSemaphoreTake  queue.o
    0x0801284a   0x0801284a   0x00000006   PAD
    0x08012850   0x08012850   0x0000008e   Code   RO         2265    .text.xTaskCheckForTimeOut  tasks.o
    0x080128de   0x080128de   0x00000002   PAD
    0x080128e0   0x080128e0   0x000000e0   Code   RO         2201    .text.xTaskCreate   tasks.o
    0x080129c0   0x080129c0   0x000000f8   Code   RO         2197    .text.xTaskCreateStatic  tasks.o
    0x08012ab8   0x08012ab8   0x00000024   Code   RO         2279    .text.xTaskGetSchedulerState  tasks.o
    0x08012adc   0x08012adc   0x00000004   PAD
    0x08012ae0   0x08012ae0   0x0000000c   Code   RO         2239    .text.xTaskGetTickCount  tasks.o
    0x08012aec   0x08012aec   0x00000004   PAD
    0x08012af0   0x08012af0   0x0000016e   Code   RO         2237    .text.xTaskIncrementTick  tasks.o
    0x08012c5e   0x08012c5e   0x00000002   PAD
    0x08012c60   0x08012c60   0x00000092   Code   RO         2283    .text.xTaskPriorityDisinherit  tasks.o
    0x08012cf2   0x08012cf2   0x00000006   PAD
    0x08012cf8   0x08012cf8   0x00000092   Code   RO         2281    .text.xTaskPriorityInherit  tasks.o
    0x08012d8a   0x08012d8a   0x00000006   PAD
    0x08012d90   0x08012d90   0x0000008e   Code   RO         2257    .text.xTaskRemoveFromEventList  tasks.o
    0x08012e1e   0x08012e1e   0x00000002   PAD
    0x08012e20   0x08012e20   0x00000138   Code   RO         2211    .text.xTaskResumeAll  tasks.o
    0x08012f58   0x08012f58   0x00000074   Code   RO         2339    .text.xTimerCreateTimerTask  timers.o
    0x08012fcc   0x08012fcc   0x00000020   Code   RO         3606    i.__0printf$3       mc_w.l(printf3.o)
    0x08012fec   0x08012fec   0x00000028   Code   RO         3608    i.__0sprintf$3      mc_w.l(printf3.o)
    0x08013014   0x08013014   0x00000030   Code   RO         3816    i.__ARM_fpclassify  m_wv.l(fpclassify.o)
    0x08013044   0x08013044   0x00000008   Code   RO         3876    i.__aeabi_errno_addr  mc_w.l(errno.o)
    0x0801304c   0x0801304c   0x00000004   PAD
    0x08013050   0x08013050   0x000001f0   Code   RO         3398    i.__hardfp_asin     m_wv.l(asin.o)
    0x08013240   0x08013240   0x000001d4   Code   RO         3786    i.__hardfp_atan     m_wv.l(atan.o)
    0x08013414   0x08013414   0x00000004   PAD
    0x08013418   0x08013418   0x000001c8   Code   RO         3405    i.__hardfp_atan2    m_wv.l(atan2.o)
    0x080135e0   0x080135e0   0x00000038   Code   RO         3411    i.__hardfp_atof     m_wv.l(atof.o)
    0x08013618   0x08013618   0x000000b0   Code   RO         3417    i.__hardfp_cos      m_wv.l(cos.o)
    0x080136c8   0x080136c8   0x000008c4   Code   RO         3435    i.__hardfp_pow      m_wv.l(pow.o)
    0x08013f8c   0x08013f8c   0x00000004   PAD
    0x08013f90   0x08013f90   0x000000b0   Code   RO         3442    i.__hardfp_sin      m_wv.l(sin.o)
    0x08014040   0x08014040   0x00000066   Code   RO         3448    i.__hardfp_sqrt     m_wv.l(sqrt.o)
    0x080140a6   0x080140a6   0x0000003a   Code   RO         3454    i.__hardfp_sqrtf    m_wv.l(sqrtf.o)
    0x080140e0   0x080140e0   0x00000080   Code   RO         3460    i.__hardfp_tan      m_wv.l(tan.o)
    0x08014160   0x08014160   0x00000308   Code   RO         3835    i.__ieee754_rem_pio2  m_wv.l(rred.o)
    0x08014468   0x08014468   0x000000c4   Code   RO         3793    i.__kernel_cos      m_wv.l(cos_i.o)
    0x0801452c   0x0801452c   0x00000070   Code   RO         3832    i.__kernel_poly     m_wv.l(poly.o)
    0x0801459c   0x0801459c   0x00000004   PAD
    0x080145a0   0x080145a0   0x000000a0   Code   RO         3840    i.__kernel_sin      m_wv.l(sin_i.o)
    0x08014640   0x08014640   0x000001e8   Code   RO         3843    i.__kernel_tan      m_wv.l(tan_i.o)
    0x08014828   0x08014828   0x00000018   Code   RO         3796    i.__mathlib_dbl_divzero  m_wv.l(dunder.o)
    0x08014840   0x08014840   0x00000006   Code   RO         3797    i.__mathlib_dbl_infnan  m_wv.l(dunder.o)
    0x08014846   0x08014846   0x00000006   Code   RO         3798    i.__mathlib_dbl_infnan2  m_wv.l(dunder.o)
    0x0801484c   0x0801484c   0x00000004   PAD
    0x08014850   0x08014850   0x00000018   Code   RO         3799    i.__mathlib_dbl_invalid  m_wv.l(dunder.o)
    0x08014868   0x08014868   0x00000018   Code   RO         3800    i.__mathlib_dbl_overflow  m_wv.l(dunder.o)
    0x08014880   0x08014880   0x00000018   Code   RO         3802    i.__mathlib_dbl_underflow  m_wv.l(dunder.o)
    0x08014898   0x08014898   0x0000000c   Code   RO         3877    i.__read_errno      mc_w.l(errno.o)
    0x080148a4   0x080148a4   0x0000000e   Code   RO         3933    i.__scatterload_copy  mc_w.l(handlers.o)
    0x080148b2   0x080148b2   0x00000002   Code   RO         3934    i.__scatterload_null  mc_w.l(handlers.o)
    0x080148b4   0x080148b4   0x0000000e   Code   RO         3935    i.__scatterload_zeroinit  mc_w.l(handlers.o)
    0x080148c2   0x080148c2   0x00000002   PAD
    0x080148c4   0x080148c4   0x0000000c   Code   RO         3878    i.__set_errno       mc_w.l(errno.o)
    0x080148d0   0x080148d0   0x0000000e   Code   RO         3782    i._is_digit         mc_w.l(scanf_fp.o)
    0x080148de   0x080148de   0x00000002   PAD
    0x080148e0   0x080148e0   0x000001b8   Code   RO         3613    i._printf_core      mc_w.l(printf3.o)
    0x08014a98   0x08014a98   0x0000000a   Code   RO         3615    i._sputc            mc_w.l(printf3.o)
    0x08014aa2   0x08014aa2   0x00000010   Code   RO         3788    i.atan              m_wv.l(atan.o)
    0x08014ab2   0x08014ab2   0x00000018   Code   RO         3812    i.fabs              m_wv.l(fabs.o)
    0x08014aca   0x08014aca   0x00000002   PAD
    0x08014acc   0x08014acc   0x00000024   Code   RO         3469    i.puts              mc_w.l(puts.o)
    0x08014af0   0x08014af0   0x0000006a   Code   RO         3450    i.sqrt              m_wv.l(sqrt.o)
    0x08014b5a   0x08014b5a   0x00000006   PAD
    0x08014b60   0x08014b60   0x00000050   Data   RO         3401    .constdata          m_wv.l(asin.o)
    0x08014bb0   0x08014bb0   0x00000088   Data   RO         3438    .constdata          m_wv.l(pow.o)
    0x08014c38   0x08014c38   0x00000081   Data   RO         3476    .constdata          mc_w.l(ctype_o.o)
    0x08014cb9   0x08014cb9   0x00000003   PAD
    0x08014cbc   0x08014cbc   0x00000004   Data   RO         3477    .constdata          mc_w.l(ctype_o.o)
    0x08014cc0   0x08014cc0   0x00000098   Data   RO         3789    .constdata          m_wv.l(atan.o)
    0x08014d58   0x08014d58   0x00000030   Data   RO         3794    .constdata          m_wv.l(cos_i.o)
    0x08014d88   0x08014d88   0x00000008   Data   RO         3834    .constdata          m_wv.l(qnan.o)
    0x08014d90   0x08014d90   0x000000cc   Data   RO         3837    .constdata          m_wv.l(rred.o)
    0x08014e5c   0x08014e5c   0x00000004   PAD
    0x08014e60   0x08014e60   0x00000028   Data   RO         3841    .constdata          m_wv.l(sin_i.o)
    0x08014e88   0x08014e88   0x00000060   Data   RO         3844    .constdata          m_wv.l(tan_i.o)
    0x08014ee8   0x08014ee8   0x00000006   Data   RO         1835    .rodata..Lswitch.table.UART_SetConfig.5  stm32h7xx_hal_uart.o
    0x08014eee   0x08014eee   0x00000006   Data   RO         1836    .rodata..Lswitch.table.UART_SetConfig.7  stm32h7xx_hal_uart.o
    0x08014ef4   0x08014ef4   0x00000010   Data   RO         2008    .rodata.D1CorePrescTable  system_stm32h7xx.o
    0x08014f04   0x08014f04   0x00000024   Data   RO          111    .rodata.DVLReadTask_attributes  freertos.o
    0x08014f28   0x08014f28   0x00000010   Data   RO           99    .rodata.DVLRxcplt_attributes  freertos.o
    0x08014f38   0x08014f38   0x00000018   Data   RO          126    .rodata.DVL_Position_Que_attributes  freertos.o
    0x08014f50   0x08014f50   0x00000018   Data   RO          127    .rodata.DVL_Speed_Que_attributes  freertos.o
    0x08014f68   0x08014f68   0x00000018   Data   RO          116    .rodata.DVL_attitude_attributes  freertos.o
    0x08014f80   0x08014f80   0x00000010   Data   RO          125    .rodata.DVL_attributes  freertos.o
    0x08014f90   0x08014f90   0x00000018   Data   RO          115    .rodata.DVL_eurl_attributes  freertos.o
    0x08014fa8   0x08014fa8   0x00000018   Data   RO           97    .rodata.DVL_wrp_pos_attributes  freertos.o
    0x08014fc0   0x08014fc0   0x00000018   Data   RO           98    .rodata.DVL_wrz_velocity_attributes  freertos.o
    0x08014fd8   0x08014fd8   0x00000010   Data   RO          130    .rodata.DataSent_attributes  freertos.o
    0x08014fe8   0x08014fe8   0x00000024   Data   RO          107    .rodata.DepthRead_attributes  freertos.o
    0x0801500c   0x0801500c   0x00000024   Data   RO          131    .rodata.EKF_Fusionattributes  freertos.o
    0x08015030   0x08015030   0x00000018   Data   RO          128    .rodata.EKF_IMU_Que_attributes  freertos.o
    0x08015048   0x08015048   0x00000010   Data   RO          124    .rodata.EKF_IMU_attributes  freertos.o
    0x08015058   0x08015058   0x00000018   Data   RO          129    .rodata.EKF_Position_Que_attributes  freertos.o
    0x08015070   0x08015070   0x00000024   Data   RO          123    .rodata.EKF_attributes  freertos.o
    0x08015094   0x08015094   0x00000018   Data   RO          117    .rodata.GPSData_attributes  freertos.o
    0x080150ac   0x080150ac   0x00000024   Data   RO          112    .rodata.GPSReadTask_attributes  freertos.o
    0x080150d0   0x080150d0   0x00000024   Data   RO          104    .rodata.IMURead_attributes  freertos.o
    0x080150f4   0x080150f4   0x00000018   Data   RO          100    .rodata.IMU_acc_attributes  freertos.o
    0x0801510c   0x0801510c   0x00000018   Data   RO          101    .rodata.IMU_freeacc_attributes  freertos.o
    0x08015124   0x08015124   0x00000018   Data   RO          102    .rodata.IMU_gyro_attributes  freertos.o
    0x0801513c   0x0801513c   0x00000024   Data   RO          113    .rodata.LED_attributes  freertos.o
    0x08015160   0x08015160   0x00000018   Data   RO         1834    .rodata.UARTPrescTable  stm32h7xx_hal_uart.o
    0x08015178   0x08015178   0x00000018   Data   RO          119    .rodata.Uart2RxQue_attributes  freertos.o
    0x08015190   0x08015190   0x00000024   Data   RO          121    .rodata.Uart2link_Rx_attributes  freertos.o
    0x080151b4   0x080151b4   0x00000024   Data   RO          122    .rodata.Uart2linktx_attributes  freertos.o
    0x080151d8   0x080151d8   0x00000018   Data   RO          120    .rodata.Uart2tx_attributes  freertos.o
    0x080151f0   0x080151f0   0x00000024   Data   RO          109    .rodata.atpk_rx_attributes  freertos.o
    0x08015214   0x08015214   0x00000024   Data   RO          105    .rodata.atpk_tx_attributes  freertos.o
    0x08015238   0x08015238   0x00000018   Data   RO           96    .rodata.atpkrx_attributes  freertos.o
    0x08015250   0x08015250   0x00000010   Data   RO         1877    .rodata.cst8        stm32h7xx_hal_uart_ex.o
    0x08015260   0x08015260   0x00000024   Data   RO          103    .rodata.defaultTask_attributes  freertos.o
    0x08015284   0x08015284   0x00000018   Data   RO           95    .rodata.depth_attributes  freertos.o
    0x0801529c   0x0801529c   0x00000100   Data   RO         3221    .rodata.lookup_table  dvl.o
    0x0801539c   0x0801539c   0x00000018   Data   RO           93    .rodata.myQueue01_attributes  freertos.o
    0x080153b4   0x080153b4   0x00000024   Data   RO          110    .rodata.stabilizer_attributes  freertos.o
    0x080153d8   0x080153d8   0x0000016c   Data   RO           92    .rodata.str1.1      freertos.o
    0x08015544   0x08015544   0x00000016   Data   RO         2975    .rodata.str1.1      atpk.o
    0x0801555a   0x0801555a   0x00000022   Data   RO         3094    .rodata.str1.1      moter.o
    0x0801557c   0x0801557c   0x00000018   Data   RO          114    .rodata.usbRxQue_attributes  freertos.o
    0x08015594   0x08015594   0x00000010   Data   RO          118    .rodata.usblinkRxcplt_attributes  freertos.o
    0x080155a4   0x080155a4   0x00000024   Data   RO          108    .rodata.usblink_Rx_attributes  freertos.o
    0x080155c8   0x080155c8   0x00000024   Data   RO          106    .rodata.usblinktx_attributes  freertos.o
    0x080155ec   0x080155ec   0x00000018   Data   RO           94    .rodata.usbtx_attributes  freertos.o
    0x08015604   0x08015604   0x00000020   Data   RO         3932    Region$$Table       anon$$obj.o


    Execution Region RW_IRAM1 (Exec base: 0x20000000, Load base: 0x08015624, Size: 0x00000000, Max: 0x00020000, ABSOLUTE)

    **** No section assigned to this execution region ****


    Execution Region RW_IRAM2 (Exec base: 0x24000000, Load base: 0x08015628, Size: 0x00017378, Max: 0x00080000, ABSOLUTE, COMPRESSED[0x000000f0])

    Exec Addr    Load Addr    Size         Type   Attr      Idx    E Section Name        Object

    0x24000000   COMPRESSED   0x00000004   Data   RW         3860    .data               mc_w.l(stdout.o)
    0x24000004   COMPRESSED   0x00000004   Data   RW         3879    .data               mc_w.l(errno.o)
    0x24000008   COMPRESSED   0x00000020   Data   RW         2673    .data.FS_Desc       usbd_desc.o
    0x24000028   COMPRESSED   0x00000004   Data   RW         2006    .data.SystemCoreClock  system_stm32h7xx.o
    0x2400002c   COMPRESSED   0x00000004   Data   RW         2007    .data.SystemD2Clock  system_stm32h7xx.o
    0x24000030   COMPRESSED   0x00000038   Data   RW         2913    .data.USBD_CDC      usbd_cdc.o
    0x24000068   COMPRESSED   0x00000043   Data   RW         2915    .data.USBD_CDC_CfgDesc  usbd_cdc.o
    0x240000ab   COMPRESSED   0x00000001   PAD
    0x240000ac   COMPRESSED   0x0000000a   Data   RW         2914    .data.USBD_CDC_DeviceQualifierDesc  usbd_cdc.o
    0x240000b6   COMPRESSED   0x00000002   PAD
    0x240000b8   COMPRESSED   0x00000012   Data   RW         2674    .data.USBD_FS_DeviceDesc  usbd_desc.o
    0x240000ca   COMPRESSED   0x00000002   PAD
    0x240000cc   COMPRESSED   0x00000014   Data   RW         2701    .data.USBD_Interface_fops_FS  usbd_cdc_if.o
    0x240000e0   COMPRESSED   0x00000004   Data   RW         2676    .data.USBD_LangIDDesc  usbd_desc.o
    0x240000e4   COMPRESSED   0x0000001a   Data   RW         2677    .data.USBD_StringSerial  usbd_desc.o
    0x240000fe   COMPRESSED   0x00000002   PAD
    0x24000100   COMPRESSED   0x00000004   Data   RW         3278    .data.Updata_Time   ekf.o
    0x24000104   COMPRESSED   0x00000004   Data   RW         2988    .data.atkpSendPeriod.count_ms_1  atpk.o
    0x24000108   COMPRESSED   0x00000009   Data   RW         3218    .data.posreset      dvl.o
    0x24000111   COMPRESSED   0x00000001   Data   RW         1490    .data.uwTickFreq    stm32h7xx_hal.o
    0x24000112   COMPRESSED   0x00000002   PAD
    0x24000114   COMPRESSED   0x00000004   Data   RW         1489    .data.uwTickPrio    stm32h7xx_hal.o
    0x24000118   COMPRESSED   0x00000004   Data   RW         2615    .data.uxCriticalNesting  port.o
    0x2400011c   COMPRESSED   0x00000004   Data   RW         3154    .data.ws2812_SmoothMeteor.last_head  ws2812.o
    0x24000120   COMPRESSED   0x00000050   Data   RW         3153    .data.ws2812_SmoothMeteor.last_positions  ws2812.o
    0x24000170   COMPRESSED   0x0000000c   Data   RW         2931    .nzds               debug.o
    0x2400017c   COMPRESSED   0x00000004   PAD
    0x24000180        -       0x0000000c   Zero   RW         3284    .bss.Acc            ekf.o
    0x2400018c        -       0x00000010   Zero   RW         2638    .bss.AccRaw         imu.o
    0x2400019c        -       0x00000004   Zero   RW           37    .bss.CPU_RunTime    main.o
    0x240001a0        -       0x00000800   Zero   RW         3217    .bss.DVL            dvl.o
    0x240009a0        -       0x00000004   Zero   RW          164    .bss.DVLReadTaskHandle  freertos.o
    0x240009a4        -       0x00000004   Zero   RW          134    .bss.DVLRxcpltHandle  freertos.o
    0x240009a8        -       0x00000004   Zero   RW          133    .bss.DVL_Handle     freertos.o
    0x240009ac        -       0x00000004   Zero   RW          141    .bss.DVL_Position_QueHandle  freertos.o
    0x240009b0        -       0x00000004   Zero   RW          142    .bss.DVL_Speed_QueHandle  freertos.o
    0x240009b4        -       0x00000004   Zero   RW          151    .bss.DVL_attitudeHandle  freertos.o
    0x240009b8        -       0x00000004   Zero   RW          150    .bss.DVL_eurlHandle  freertos.o
    0x240009bc        -       0x00000004   Zero   RW          148    .bss.DVL_wrp_posHandle  freertos.o
    0x240009c0        -       0x00000004   Zero   RW          149    .bss.DVL_wrz_velocityHandle  freertos.o
    0x240009c4        -       0x00000004   Zero   RW          136    .bss.DataSentHandle  freertos.o
    0x240009c8        -       0x00000004   Zero   RW         3045    .bss.Depth          deph.o
    0x240009cc        -       0x00000004   Zero   RW          160    .bss.DepthReadHandle  freertos.o
    0x240009d0        -       0x00000004   Zero   RW          170    .bss.EKF_FusionHandle  freertos.o
    0x240009d4        -       0x00000004   Zero   RW          135    .bss.EKF_IMUHandle  freertos.o
    0x240009d8        -       0x00000004   Zero   RW          143    .bss.EKF_IMU_QueHandle  freertos.o
    0x240009dc        -       0x00000004   Zero   RW          144    .bss.EKF_Position_QueHandle  freertos.o
    0x240009e0        -       0x00000004   Zero   RW          169    .bss.EKF_UpdataHandle  freertos.o
    0x240009e4        -       0x0000000c   Zero   RW         2637    .bss.EulerRaw       imu.o
    0x240009f0        -       0x0000000c   Zero   RW         2639    .bss.FreeaccRaw     imu.o
    0x240009fc        -       0x00000004   Zero   RW          152    .bss.GPSDataHandle  freertos.o
    0x24000a00        -       0x00000004   Zero   RW          165    .bss.GPSReadTaskHandle  freertos.o
    0x24000a04        -       0x00000018   Zero   RW         3250    .bss.GPS_data       gps.o
    0x24000a1c        -       0x00000018   Zero   RW         3251    .bss.GPS_data_Que   gps.o
    0x24000a34        -       0x00000800   Zero   RW         3249    .bss.GPSbuffer      gps.o
    0x24001234        -       0x0000000c   Zero   RW         3285    .bss.Gyro           ekf.o
    0x24001240        -       0x00000010   Zero   RW         2640    .bss.GyroRaw        imu.o
    0x24001250        -       0x00000100   Zero   RW         2636    .bss.IMU            imu.o
    0x24001350        -       0x00000004   Zero   RW          157    .bss.IMUReadHandle  freertos.o
    0x24001354        -       0x00000004   Zero   RW          153    .bss.IMU_accHandle  freertos.o
    0x24001358        -       0x00000004   Zero   RW          154    .bss.IMU_freeaccHandle  freertos.o
    0x2400135c        -       0x00000004   Zero   RW          155    .bss.IMU_gyroHandle  freertos.o
    0x24001360        -       0x00000024   Zero   RW         3281    .bss.Init_Cnb       ekf.o
    0x24001384        -       0x0000000c   Zero   RW         3279    .bss.Init_Elur      ekf.o
    0x24001390        -       0x00000110   Zero   RW         3280    .bss.Ins            ekf.o
    0x240014a0        -       0x00000004   Zero   RW         2546    .bss.KernelState    cmsis_os2.o
    0x240014a4        -       0x00001aa0   Zero   RW         3283    .bss.Kf             ekf.o
    0x24002f44        -       0x00000004   Zero   RW          166    .bss.LEDHandle      freertos.o
    0x24002f48        -       0x00000384   Zero   RW         3282    .bss.M15            ekf.o
    0x240032cc        -       0x00000001   Zero   RW         2969    .bss.MODE_ch        atpk.o
    0x240032cd        -       0x00000001   Zero   RW         3066    .bss.Mode           stabilizer.o
    0x240032ce   COMPRESSED   0x00000002   PAD
    0x240032d0        -       0x0000003c   Zero   RW         3068    .bss.PID_Heading    stabilizer.o
    0x2400330c        -       0x00000014   Zero   RW         2982    .bss.PWM_send       atpk.o
    0x24003320        -       0x00000010   Zero   RW         3286    .bss.P_Fision       ekf.o
    0x24003330        -       0x00000010   Zero   RW         3287    .bss.S_Fision       ekf.o
    0x24003340        -       0x00000004   Zero   RW         3222    .bss.Time_IMU       dvl.o
    0x24003344        -       0x00000001   Zero   RW         2852    .bss.USBD_SetConfig.cfgidx  usbd_ctlreq.o
    0x24003345   COMPRESSED   0x00000003   PAD
    0x24003348        -       0x00000200   Zero   RW         2678    .bss.USBD_StrDesc   usbd_desc.o
    0x24003548        -       0x00000220   Zero   RW         2775    .bss.USBD_static_malloc.mem  usbd_conf.o
    0x24003768        -       0x00000004   Zero   RW          139    .bss.Uart2RxQueHandle  freertos.o
    0x2400376c        -       0x00000004   Zero   RW          140    .bss.Uart2TxQueHandle  freertos.o
    0x24003770        -       0x00000004   Zero   RW          168    .bss.Uart2link_RxHandle  freertos.o
    0x24003774        -       0x00000004   Zero   RW          167    .bss.Uart2linktxHandle  freertos.o
    0x24003778        -       0x00000800   Zero   RW         2702    .bss.UserRxBufferFS  usbd_cdc_if.o
    0x24003f78        -       0x00000800   Zero   RW         2703    .bss.UserTxBufferFS  usbd_cdc_if.o
    0x24004778        -       0x00000010   Zero   RW         2984    .bss.acc__          atpk.o
    0x24004788        -       0x00000004   Zero   RW          162    .bss.atpk_rxHandle  freertos.o
    0x2400478c        -       0x00000004   Zero   RW          158    .bss.atpk_txHandle  freertos.o
    0x24004790        -       0x00000004   Zero   RW          147    .bss.atpkrxHandle   freertos.o
    0x24004794        -       0x00000032   Zero   RW         3028    .bss.bud7           uart2link.o
    0x240047c6   COMPRESSED   0x00000002   PAD
    0x240047c8        -       0x00000014   Zero   RW         3070    .bss.control        stabilizer.o
    0x240047dc        -       0x00000001   Zero   RW         2972    .bss.count          atpk.o
    0x240047dd   COMPRESSED   0x00000003   PAD
    0x240047e0        -       0x00000004   Zero   RW          156    .bss.defaultTaskHandle  freertos.o
    0x240047e4        -       0x00000004   Zero   RW          146    .bss.depthHandle    freertos.o
    0x240047e8        -       0x00000080   Zero   RW         3044    .bss.depthbuffer    deph.o
    0x24004868        -       0x0000016a   Zero   RW         3149    .bss.dma_data_buffer  ws2812.o
    0x240049d2   COMPRESSED   0x00000002   PAD
    0x240049d4        -       0x00000010   Zero   RW         2985    .bss.gyro__         atpk.o
    0x240049e4        -       0x000002dc   Zero   RW         2652    .bss.hUsbDeviceFS   usb_device.o
    0x24004cc0        -       0x00000078   Zero   RW          238    .bss.hdma_spi4_tx   spi.o
    0x24004d38        -       0x00000078   Zero   RW          214    .bss.hdma_uart4_rx  usart.o
    0x24004db0        -       0x00000078   Zero   RW          215    .bss.hdma_uart4_tx  usart.o
    0x24004e28        -       0x00000078   Zero   RW          216    .bss.hdma_uart8_rx  usart.o
    0x24004ea0        -       0x00000078   Zero   RW          217    .bss.hdma_usart1_rx  usart.o
    0x24004f18        -       0x00000078   Zero   RW          218    .bss.hdma_usart2_rx  usart.o
    0x24004f90        -       0x00000078   Zero   RW          219    .bss.hdma_usart2_tx  usart.o
    0x24005008        -       0x00000078   Zero   RW          220    .bss.hdma_usart3_tx  usart.o
    0x24005080        -       0x00000078   Zero   RW          221    .bss.hdma_usart6_rx  usart.o
    0x240050f8        -       0x00000094   Zero   RW          207    .bss.hlpuart1       usart.o
    0x2400518c        -       0x000004e4   Zero   RW         2774    .bss.hpcd_USB_OTG_FS  usbd_conf.o
    0x24005670        -       0x00000088   Zero   RW          237    .bss.hspi4          spi.o
    0x240056f8        -       0x0000000c   Zero   RW         3152    .bss.hsv_color      ws2812.o
    0x24005704        -       0x0000004c   Zero   RW          259    .bss.htim1          tim.o
    0x24005750        -       0x0000004c   Zero   RW          346    .bss.htim16         stm32h7xx_hal_timebase_tim.o
    0x2400579c        -       0x0000004c   Zero   RW          261    .bss.htim17         tim.o
    0x240057e8        -       0x0000004c   Zero   RW          260    .bss.htim8          tim.o
    0x24005834        -       0x00000094   Zero   RW          210    .bss.huart1         usart.o
    0x240058c8        -       0x00000094   Zero   RW          211    .bss.huart2         usart.o
    0x2400595c        -       0x00000094   Zero   RW          212    .bss.huart3         usart.o
    0x240059f0        -       0x00000094   Zero   RW          208    .bss.huart4         usart.o
    0x24005a84        -       0x00000094   Zero   RW          213    .bss.huart6         usart.o
    0x24005b18        -       0x00000094   Zero   RW          209    .bss.huart8         usart.o
    0x24005bac        -       0x00000004   Zero   RW         2970    .bss.jcz            atpk.o
    0x24005bb0        -       0x00000400   Zero   RW           36    .bss.lsuartbuffer   main.o
    0x24005fb0        -       0x00000030   Zero   RW         2641    .bss.mti_data       imu.o
    0x24005fe0        -       0x00000004   Zero   RW          145    .bss.myQueue01Handle  freertos.o
    0x24005fe4        -       0x00000020   Zero   RW         3004    .bss.p2             usblink.o
    0x24006004        -       0x00000020   Zero   RW         3026    .bss.p2_Uart2       uart2link.o
    0x24006024        -       0x0000000c   Zero   RW         3067    .bss.pidheading     stabilizer.o
    0x24006030        -       0x00000100   Zero   RW           35    .bss.ping2          main.o
    0x24006130        -       0x00000020   Zero   RW         2979    .bss.pos            atpk.o
    0x24006150        -       0x000000a0   Zero   RW         2387    .bss.prvCheckForValidListAndQueue.ucStaticTimerQueueStorage  timers.o
    0x240061f0        -       0x00000050   Zero   RW         2386    .bss.prvCheckForValidListAndQueue.xStaticTimerQueue  timers.o
    0x24006240        -       0x00000004   Zero   RW         2383    .bss.prvSampleTimeNow.xLastTime  timers.o
    0x24006244        -       0x00000032   Zero   RW         3093    .bss.pwmbuffer      moter.o
    0x24006276   COMPRESSED   0x00000002   PAD
    0x24006278        -       0x00000004   Zero   RW         2309    .bss.pxCurrentTCB   tasks.o
    0x2400627c        -       0x00000004   Zero   RW         2381    .bss.pxCurrentTimerList  timers.o
    0x24006280        -       0x00000004   Zero   RW         2317    .bss.pxDelayedTaskList  tasks.o
    0x24006284        -       0x00000004   Zero   RW         2571    .bss.pxEnd          heap_4.o
    0x24006288        -       0x00000004   Zero   RW         2318    .bss.pxOverflowDelayedTaskList  tasks.o
    0x2400628c        -       0x00000004   Zero   RW         2382    .bss.pxOverflowTimerList  timers.o
    0x24006290        -       0x00000460   Zero   RW         2320    .bss.pxReadyTasksLists  tasks.o
    0x240066f0        -       0x00000004   Zero   RW         3151    .bss.rgb_color      ws2812.o
    0x240066f4        -       0x00000020   Zero   RW         3006    .bss.rxPacket       usblink.o
    0x24006714        -       0x00000020   Zero   RW         3029    .bss.rxPacket       uart2link.o
    0x24006734        -       0x00000001   Zero   RW         3005    .bss.rxState        usblink.o
    0x24006735        -       0x00000001   Zero   RW         3027    .bss.rxState        uart2link.o
    0x24006736   COMPRESSED   0x00000002   PAD
    0x24006738        -       0x0000004c   Zero   RW         3069    .bss.set            stabilizer.o
    0x24006784        -       0x00000004   Zero   RW         2974    .bss.speed          atpk.o
    0x24006788        -       0x00000004   Zero   RW          163    .bss.stabilizerHandle  freertos.o
    0x2400678c        -       0x0000fa00   Zero   RW         2578    .bss.ucHeap         heap_4.o
    0x2401618c        -       0x00000001   Zero   RW         2613    .bss.ucMaxSysCallPriority  port.o
    0x2401618d   COMPRESSED   0x00000003   PAD
    0x24016190        -       0x00000004   Zero   RW         2614    .bss.ulMaxPRIGROUPValue  port.o
    0x24016194        -       0x00000004   Zero   RW         2328    .bss.ulTaskSwitchedInTime  tasks.o
    0x24016198        -       0x00000004   Zero   RW          137    .bss.usbRxQueHandle  freertos.o
    0x2401619c        -       0x00000004   Zero   RW          132    .bss.usblinkRxcpltHandle  freertos.o
    0x240161a0        -       0x00000004   Zero   RW          161    .bss.usblink_RxHandle  freertos.o
    0x240161a4        -       0x00000004   Zero   RW          159    .bss.usblinktxHandle  freertos.o
    0x240161a8        -       0x00000004   Zero   RW          138    .bss.usbtxHandle    freertos.o
    0x240161ac        -       0x00000004   Zero   RW         1491    .bss.uwTick         stm32h7xx_hal.o
    0x240161b0        -       0x00000004   Zero   RW         2313    .bss.uxCurrentNumberOfTasks  tasks.o
    0x240161b4        -       0x00000004   Zero   RW         2312    .bss.uxDeletedTasksWaitingCleanUp  tasks.o
    0x240161b8        -       0x00000004   Zero   RW         2315    .bss.uxSchedulerSuspended  tasks.o
    0x240161bc        -       0x00000004   Zero   RW         2310    .bss.uxTaskNumber   tasks.o
    0x240161c0        -       0x00000004   Zero   RW         2321    .bss.uxTopReadyPriority  tasks.o
    0x240161c4        -       0x00000200   Zero   RW         2548    .bss.vApplicationGetIdleTaskMemory.Idle_Stack  cmsis_os2.o
    0x240163c4        -       0x00000060   Zero   RW         2547    .bss.vApplicationGetIdleTaskMemory.Idle_TCB  cmsis_os2.o
    0x24016424        -       0x00000400   Zero   RW         2550    .bss.vApplicationGetTimerTaskMemory.Timer_Stack  cmsis_os2.o
    0x24016824        -       0x00000060   Zero   RW         2549    .bss.vApplicationGetTimerTaskMemory.Timer_TCB  cmsis_os2.o
    0x24016884   COMPRESSED   0x00000004   PAD
    0x24016888        -       0x00000020   Zero   RW         2980    .bss.vloc           atpk.o
    0x240168a8        -       0x00000030   Zero   RW         3223    .bss.wrp            dvl.o
    0x240168d8        -       0x00000028   Zero   RW         3224    .bss.wrz            dvl.o
    0x24016900        -       0x00000168   Zero   RW         3150    .bss.ws2812_data_buffer  ws2812.o
    0x24016a68        -       0x00000014   Zero   RW         2384    .bss.xActiveTimerList1  timers.o
    0x24016a7c        -       0x00000014   Zero   RW         2385    .bss.xActiveTimerList2  timers.o
    0x24016a90        -       0x00000001   Zero   RW         2572    .bss.xBlockAllocatedBit  heap_4.o
    0x24016a91   COMPRESSED   0x00000003   PAD
    0x24016a94        -       0x00000014   Zero   RW         2329    .bss.xDelayedTaskList1  tasks.o
    0x24016aa8        -       0x00000014   Zero   RW         2330    .bss.xDelayedTaskList2  tasks.o
    0x24016abc        -       0x00000004   Zero   RW         2573    .bss.xFreeBytesRemaining  heap_4.o
    0x24016ac0        -       0x00000004   Zero   RW         2323    .bss.xIdleTaskHandle  tasks.o
    0x24016ac4        -       0x00000004   Zero   RW         2575    .bss.xMinimumEverFreeBytesRemaining  heap_4.o
    0x24016ac8        -       0x00000004   Zero   RW         2324    .bss.xNextTaskUnblockTime  tasks.o
    0x24016acc        -       0x00000004   Zero   RW         2327    .bss.xNumOfOverflows  tasks.o
    0x24016ad0        -       0x00000004   Zero   RW         2576    .bss.xNumberOfSuccessfulAllocations  heap_4.o
    0x24016ad4        -       0x00000004   Zero   RW         2577    .bss.xNumberOfSuccessfulFrees  heap_4.o
    0x24016ad8        -       0x00000004   Zero   RW         2326    .bss.xPendedTicks   tasks.o
    0x24016adc        -       0x00000014   Zero   RW         2322    .bss.xPendingReadyList  tasks.o
    0x24016af0        -       0x00000040   Zero   RW         2138    .bss.xQueueRegistry  queue.o
    0x24016b30        -       0x00000004   Zero   RW         2314    .bss.xSchedulerRunning  tasks.o
    0x24016b34        -       0x00000008   Zero   RW         2574    .bss.xStart         heap_4.o
    0x24016b3c        -       0x00000014   Zero   RW         2319    .bss.xSuspendedTaskList  tasks.o
    0x24016b50        -       0x00000014   Zero   RW         2311    .bss.xTasksWaitingTermination  tasks.o
    0x24016b64        -       0x00000004   Zero   RW         2316    .bss.xTickCount     tasks.o
    0x24016b68        -       0x00000004   Zero   RW         2379    .bss.xTimerQueue    timers.o
    0x24016b6c        -       0x00000004   Zero   RW         2380    .bss.xTimerTaskHandle  timers.o
    0x24016b70        -       0x00000004   Zero   RW         2325    .bss.xYieldPending  tasks.o
    0x24016b74        -       0x00000004   Zero   RW         2973    .bss.yaw            atpk.o
    0x24016b78        -       0x00000800   Zero   RW            1    STACK               startup_stm32h750xx.o


==============================================================================

Image component sizes


      Code (inc. data)   RO Data    RW Data    ZI Data      Debug   Object Name

      1594         80         22          4        130      13822   atpk.o
      1234          0          0          0       1732      45699   cmsis_os2.o
        72         24          0         12          0       1677   debug.o
        70          0          0          0        132       1527   deph.o
       198          0          0          0          0       5575   dma.o
       968          8        256          9       2140       7041   dvl.o
      3470         64          0          4       8092       8709   ekf.o
      1200          0       1440          0        156      10773   freertos.o
       160          0          0          0          0       5961   gpio.o
      1120         24          0          0       2096       5512   gps.o
       664          0          0          0      64029       5092   heap_4.o
       482          4          0          0        360       4084   imu.o
       156          0          0          0          0       2249   list.o
      1106         28          0          0       1284      11192   main.o
      4316         76          0          0          0      26113   math_ekf.o
       482         52         34          0         50       7514   moter.o
        38          0          0          0          0       2422   pid.o
       912         16          0          4          5       4080   port.o
      2950          0          0          0         64      24767   queue.o
       328          0          0          0        256      11666   spi.o
       240          8          0          0        169       5959   stabilizer.o
        36          8        664          0       2048        848   startup_stm32h750xx.o
       192          0          0          5          4      14992   stm32h7xx_hal.o
       154          0          0          0          0      12592   stm32h7xx_hal_cortex.o
      8150         12          0          0          0      18177   stm32h7xx_hal_dma.o
       434          0          0          0          0       6982   stm32h7xx_hal_gpio.o
        42          0          0          0          0       5559   stm32h7xx_hal_msp.o
      2934          0          0          0          0      16479   stm32h7xx_hal_pcd.o
       126          0          0          0          0       6103   stm32h7xx_hal_pcd_ex.o
        90          0          0          0          0      10583   stm32h7xx_hal_pwr_ex.o
      2894         16          0          0          0      11864   stm32h7xx_hal_rcc.o
      3774        122          0          0          0      18063   stm32h7xx_hal_rcc_ex.o
      1842          0          0          0          0      22053   stm32h7xx_hal_spi.o
      3178         14          0          0          0      64743   stm32h7xx_hal_tim.o
       376          0          0          0          0      24958   stm32h7xx_hal_tim_ex.o
       156          0          0          0         76       9796   stm32h7xx_hal_timebase_tim.o
      6368        300         36          0          0      37684   stm32h7xx_hal_uart.o
       520          0         16          0          0      11219   stm32h7xx_hal_uart_ex.o
       278          0          0          0          0      10457   stm32h7xx_it.o
      2760          0          0          0          0      27660   stm32h7xx_ll_usb.o
       204          0         16          8          0       5931   system_stm32h7xx.o
      3464          8          0          0       1284      39447   tasks.o
      1068          0          0          0        228      12393   tim.o
      1168         26          0          0        300      16999   timers.o
       522         40          0          0        115       3851   uart2link.o
      2384          0          0          0       1996      14695   usart.o
       108          0          0          0        732       3301   usb_device.o
      1276         12          0        133          0      12069   usbd_cdc.o
       242          0          0         20       4096       5639   usbd_cdc_if.o
       802          0          0          0       1796      22852   usbd_conf.o
       882          0          0          0          0      10596   usbd_core.o
      1772         32          0          0          1      11113   usbd_ctlreq.o
       324         72          0         80        512       3774   usbd_desc.o
       132          0          0          0          0       4752   usbd_ioreq.o
       600         40          0          0         65       3593   usblink.o
      1110         42          0         84        738      34589   ws2812.o

    ----------------------------------------------------------------------
     73424       1204       2516        372      94716     747840   Object Totals
         0          0         32          0          0          0   (incl. Generated)
      1302         76          0          9         30          0   (incl. Padding)

    ----------------------------------------------------------------------

      Code (inc. data)   RO Data    RW Data    ZI Data      Debug   Library Member Name

       496         64         80          0          0        252   asin.o
       484         66        152          0          0        348   atan.o
       456         64          0          0          0        180   atan2.o
        56         10          0          0          0        132   atof.o
       176         18          0          0          0        156   cos.o
       196         14         48          0          0        176   cos_i.o
       108         52          0          0          0        696   dunder.o
        24          0          0          0          0        124   fabs.o
        48          0          0          0          0        124   fpclassify.o
       112          0          0          0          0        116   poly.o
      2244        252        136          0          0        320   pow.o
         0          0          8          0          0          0   qnan.o
       776        130        204          0          0        172   rred.o
       176         18          0          0          0        160   sin.o
       160         16         40          0          0        196   sin_i.o
       208          0          0          0          0        280   sqrt.o
        58          0          0          0          0        136   sqrtf.o
       128         20          0          0          0        144   tan.o
       488         54         96          0          0        196   tan_i.o
        56          8          0          0          0         84   __0sscanf.o
        58          0          0          0          0          0   __dczerorl.o
        28          0          0          0          0         68   _chval.o
       812          4          0          0          0        112   _scanf.o
        64          0          0          0          0         84   _sgetc.o
       158          0          0          0          0         92   _strtoul.o
        26          0          0          0          0         80   atoi.o
         8          4        133          0          0         68   ctype_o.o
         0          0          0          0          0          0   entry.o
         0          0          0          0          0          0   entry10a.o
         0          0          0          0          0          0   entry11a.o
         8          4          0          0          0          0   entry2.o
         4          0          0          0          0          0   entry5.o
         0          0          0          0          0          0   entry7b.o
         0          0          0          0          0          0   entry8b.o
         8          4          0          0          0          0   entry9a.o
        32         16          0          4          0        204   errno.o
        30          0          0          0          0          0   handlers.o
        36          8          0          0          0         68   init.o
        18          0          0          0          0         76   isspace_o.o
         0          0          0          0          0          0   iusefp.o
        30          0          0          0          0         68   llshl.o
        32          0          0          0          0         68   llushr.o
        36          0          0          0          0         68   memcpya.o
        36          0          0          0          0        108   memseta.o
       522         20          0          0          0        336   printf3.o
        36          6          0          0          0         80   puts.o
        40          8          0          0          0         84   scanf_char.o
       878         12          0          0          0        216   scanf_fp.o
         0          0          0          4          0          0   stdout.o
        28          0          0          0          0         76   strcmp.o
        14          0          0          0          0         68   strlen.o
        22          0          0          0          0         68   strrchr.o
       168         12          0          0          0        124   strtod.o
       112          0          0          0          0         88   strtol.o
        44          0          0          0          0         80   uidiv.o
        98          0          0          0          0         92   uldiv.o
        56          0          0          0          0         88   d2f.o
       222          0          0          0          0        100   ddiv.o
       186          0          0          0          0        176   depilogue.o
        24          0          0          0          0         76   dfltul.o
       228          0          0          0          0         96   dmul.o
        46          0          0          0          0         80   dscalb.o
       110          0          0          0          0        168   fepilogue.o

    ----------------------------------------------------------------------
     10744        896        904          8          0       7252   Library Totals
        36         12          7          0          0          0   (incl. Padding)

    ----------------------------------------------------------------------

      Code (inc. data)   RO Data    RW Data    ZI Data      Debug   Library Name

      6394        778        764          0          0       3908   m_wv.l
      3442        106        133          8          0       2560   mc_w.l
       872          0          0          0          0        784   mf_w.l

    ----------------------------------------------------------------------
     10744        896        904          8          0       7252   Library Totals

    ----------------------------------------------------------------------

==============================================================================


      Code (inc. data)   RO Data    RW Data    ZI Data      Debug   

     84168       2100       3420        380      94716     750128   Grand Totals
     84168       2100       3420        240      94716     750128   ELF Image Totals (compressed)
     84168       2100       3420        240          0          0   ROM Totals

==============================================================================

    Total RO  Size (Code + RO Data)                87588 (  85.54kB)
    Total RW  Size (RW Data + ZI Data)             95096 (  92.87kB)
    Total ROM Size (Code + RO Data + RW Data)      87828 (  85.77kB)

==============================================================================

