<html>
<body>
<pre>
<h1>µVision Build Log</h1>
<h2>Tool Versions:</h2>
IDE-Version: ÂµVision V5.38.0.0
Copyright (C) 2022 ARM Ltd and ARM Germany GmbH. All rights reserved.
License Information: z 1250937848@qq.com, z, LIC=LJWP0-B9FN4-GQF0H-W8SEF-4XURE-BHUHG
 
Tool Versions:
Toolchain:       MDK-ARM Professional  Version: 5.38.0.0
Toolchain Path:  D:\MyTool\KeilMDK\Software\ARM\ARMCLANG\Bin
C Compiler:      ArmClang.exe V6.19
Assembler:       Armasm.exe V6.19
Linker/Locator:  ArmLink.exe V6.19
Library Manager: ArmAr.exe V6.19
Hex Converter:   FromElf.exe V6.19
CPU DLL:         SARMCM3.DLL V5.38.0.0
Dialog DLL:      DCM.DLL V1.17.5.0
Target DLL:      CMSIS_AGDI.dll V1.33.15.0
Dialog DLL:      TCM.DLL V1.56.4.0
 
<h2>Project:</h2>
C:\Users\12509\Desktop\IM-7-3\IM-7-3\IM\IMUDM\IMUDMA_New\MDK-ARM\IMUDMA.uvprojx
Project File Date:  10/27/2025

<h2>Output:</h2>
*** Using Compiler 'V6.19', folder: 'D:\MyTool\KeilMDK\Software\ARM\ARMCLANG\Bin'
Rebuild target 'IMUDMA'
assembling startup_stm32h750xx.s...
compiling memorymap.c...
compiling dma.c...
compiling gpio.c...
compiling tim.c...
compiling stm32h7xx_hal_timebase_tim.c...
compiling stm32h7xx_it.c...
compiling spi.c...
compiling stm32h7xx_hal_msp.c...
compiling stm32h7xx_hal_pcd_ex.c...
compiling freertos.c...
compiling usart.c...
compiling main.c...
compiling stm32h7xx_hal_rcc.c...
compiling stm32h7xx_hal_pcd.c...
compiling stm32h7xx_hal_gpio.c...
compiling stm32h7xx_hal_flash_ex.c...
compiling stm32h7xx_hal_flash.c...
compiling stm32h7xx_hal_hsem.c...
compiling stm32h7xx_hal_tim.c...
compiling stm32h7xx_hal_tim_ex.c...
compiling stm32h7xx_ll_usb.c...
compiling stm32h7xx_hal_rcc_ex.c...
compiling stm32h7xx_hal_pwr.c...
compiling stm32h7xx_hal_cortex.c...
compiling stm32h7xx_hal_dma_ex.c...
compiling stm32h7xx_hal_pwr_ex.c...
compiling stm32h7xx_hal_mdma.c...
compiling stm32h7xx_hal_dma.c...
compiling stm32h7xx_hal.c...
compiling stm32h7xx_hal_i2c_ex.c...
compiling stm32h7xx_hal_exti.c...
compiling croutine.c...
compiling stm32h7xx_hal_uart_ex.c...
compiling list.c...
compiling event_groups.c...
compiling stm32h7xx_hal_spi_ex.c...
compiling system_stm32h7xx.c...
compiling heap_4.c...
compiling port.c...
compiling stream_buffer.c...
compiling timers.c...
compiling stm32h7xx_hal_spi.c...
compiling queue.c...
compiling stm32h7xx_hal_uart.c...
compiling usb_device.c...
compiling imu.c...
compiling usbd_desc.c...
compiling usbd_cdc_if.c...
compiling usbd_conf.c...
compiling usbd_ioreq.c...
compiling tasks.c...
compiling usbd_core.c...
compiling stm32h7xx_hal_i2c.c...
compiling cmsis_os2.c...
compiling debug.c...
compiling usbd_ctlreq.c...
compiling usbd_cdc.c...
compiling deph.c...
compiling usblink.c...
compiling Uart2link.c...
compiling stabilizer.c...
compiling atpk.c...
compiling moter.c...
compiling pid.c...
compiling DVL.c...
compiling GPS.c...
compiling EKF.c...
compiling Math_Ekf.c...
compiling WS2812.c...
linking...
Program Size: Code=84168 RO-data=3420 RW-data=380 ZI-data=94716  
FromELF: creating hex file...
"IMUDMA\IMUDMA.axf" - 0 Error(s), 0 Warning(s).

<h2>Software Packages used:</h2>

Package Vendor: ARM
                http://www.keil.com/pack/ARM.CMSIS.5.9.0.pack
                ARM.CMSIS.5.9.0
                CMSIS (Common Microcontroller Software Interface Standard)
   * Component: CORE Version: 5.6.0

Package Vendor: Keil
                https://www.keil.com/pack/Keil.STM32H7xx_DFP.4.0.0.pack
                Keil.STM32H7xx_DFP.4.0.0
                STMicroelectronics STM32H7 Series Device Support

<h2>Collection of Component include folders:</h2>
  ./RTE/_IMUDMA
  D:/MyTool/KeilMDK/Software/Packs/ARM/CMSIS/5.9.0/CMSIS/Core/Include

<h2>Collection of Component Files used:</h2>

   * Component: ARM::CMSIS:CORE:5.6.0
      Include file:  CMSIS/Core/Include/tz_context.h
Build Time Elapsed:  00:00:03
</pre>
</body>
</html>
